Component: ARM Compiler 5.06 update 6 (build 750) Tool: armlink [4d35ed]

==============================================================================

Section Cross References

    main.o(i.main) refers to rtc.o(i.RTC_Init) for RTC_Init
    main.o(i.main) refers to delay.o(i.delay_init) for delay_init
    main.o(i.main) refers to misc.o(i.NVIC_PriorityGroupConfig) for NVIC_PriorityGroupConfig
    main.o(i.main) refers to uart.o(i.uart_init) for uart_init
    main.o(i.main) refers to timer.o(i.TIM3_Int_Init) for TIM3_Int_Init
    main.o(i.main) refers to led.o(i.LED_Init) for LED_Init
    main.o(i.main) refers to key.o(i.KEY_Init) for KEY_Init
    main.o(i.main) refers to oled.o(i.OLED_Init) for OLED_Init
    main.o(i.main) refers to oled.o(i.OLED_Clear) for OLED_Clear
    main.o(i.main) refers to page.o(i.Page_main) for Page_main
    main.o(i.main) refers to page.o(i.ShowPage) for ShowPage
    main.o(i.main) refers to remote.o(i.AdcInit) for AdcInit
    main.o(i.main) refers to remote.o(i.DMAInit) for DMAInit
    main.o(i.main) refers to stm32f10x_adc.o(i.ADC_SoftwareStartConvCmd) for ADC_SoftwareStartConvCmd
    main.o(i.main) refers to key.o(i.KEY_Scan) for KEY_Scan
    main.o(i.main) refers to oled.o(i.OLED_ShowWord) for OLED_ShowWord
    main.o(i.main) refers to snake.o(i.PlaySnake) for PlaySnake
    main.o(i.main) refers to delay.o(i.delay_ms) for delay_ms
    main.o(i.main) refers to oled.o(i.OLED_ShowTime) for OLED_ShowTime
    main.o(i.main) refers to main.o(.bss) for pageMain
    main.o(i.main) refers to main.o(.data) for key2
    main.o(i.main) refers to rtc.o(.bss) for calendar
    system_stm32f10x.o(i.SetSysClock) refers to system_stm32f10x.o(i.SetSysClockTo72) for SetSysClockTo72
    system_stm32f10x.o(i.SystemCoreClockUpdate) refers to system_stm32f10x.o(.data) for SystemCoreClock
    system_stm32f10x.o(i.SystemInit) refers to system_stm32f10x.o(i.SetSysClock) for SetSysClock
    delay.o(i.delay_init) refers to misc.o(i.SysTick_CLKSourceConfig) for SysTick_CLKSourceConfig
    delay.o(i.delay_init) refers to system_stm32f10x.o(.data) for SystemCoreClock
    delay.o(i.delay_init) refers to delay.o(.data) for fac_us
    delay.o(i.delay_ms) refers to delay.o(.data) for fac_ms
    delay.o(i.delay_us) refers to delay.o(.data) for fac_us
    startup_stm32f10x_hd.o(RESET) refers to startup_stm32f10x_hd.o(STACK) for __initial_sp
    startup_stm32f10x_hd.o(RESET) refers to startup_stm32f10x_hd.o(.text) for Reset_Handler
    startup_stm32f10x_hd.o(RESET) refers to stm32f10x_it.o(i.NMI_Handler) for NMI_Handler
    startup_stm32f10x_hd.o(RESET) refers to stm32f10x_it.o(i.HardFault_Handler) for HardFault_Handler
    startup_stm32f10x_hd.o(RESET) refers to stm32f10x_it.o(i.MemManage_Handler) for MemManage_Handler
    startup_stm32f10x_hd.o(RESET) refers to stm32f10x_it.o(i.BusFault_Handler) for BusFault_Handler
    startup_stm32f10x_hd.o(RESET) refers to stm32f10x_it.o(i.UsageFault_Handler) for UsageFault_Handler
    startup_stm32f10x_hd.o(RESET) refers to stm32f10x_it.o(i.SVC_Handler) for SVC_Handler
    startup_stm32f10x_hd.o(RESET) refers to stm32f10x_it.o(i.DebugMon_Handler) for DebugMon_Handler
    startup_stm32f10x_hd.o(RESET) refers to stm32f10x_it.o(i.PendSV_Handler) for PendSV_Handler
    startup_stm32f10x_hd.o(RESET) refers to stm32f10x_it.o(i.SysTick_Handler) for SysTick_Handler
    startup_stm32f10x_hd.o(RESET) refers to rtc.o(i.RTC_IRQHandler) for RTC_IRQHandler
    startup_stm32f10x_hd.o(RESET) refers to timer.o(i.TIM3_IRQHandler) for TIM3_IRQHandler
    startup_stm32f10x_hd.o(RESET) refers to uart.o(i.USART1_IRQHandler) for USART1_IRQHandler
    startup_stm32f10x_hd.o(.text) refers to system_stm32f10x.o(i.SystemInit) for SystemInit
    startup_stm32f10x_hd.o(.text) refers to entry.o(.ARM.Collect$$$$00000000) for __main
    stm32f10x_adc.o(i.ADC_DeInit) refers to stm32f10x_rcc.o(i.RCC_APB2PeriphResetCmd) for RCC_APB2PeriphResetCmd
    stm32f10x_bkp.o(i.BKP_DeInit) refers to stm32f10x_rcc.o(i.RCC_BackupResetCmd) for RCC_BackupResetCmd
    stm32f10x_can.o(i.CAN_DeInit) refers to stm32f10x_rcc.o(i.RCC_APB1PeriphResetCmd) for RCC_APB1PeriphResetCmd
    stm32f10x_can.o(i.CAN_GetITStatus) refers to stm32f10x_can.o(i.CheckITStatus) for CheckITStatus
    stm32f10x_cec.o(i.CEC_DeInit) refers to stm32f10x_rcc.o(i.RCC_APB1PeriphResetCmd) for RCC_APB1PeriphResetCmd
    stm32f10x_dac.o(i.DAC_DeInit) refers to stm32f10x_rcc.o(i.RCC_APB1PeriphResetCmd) for RCC_APB1PeriphResetCmd
    stm32f10x_flash.o(i.FLASH_EnableWriteProtection) refers to stm32f10x_flash.o(i.FLASH_WaitForLastOperation) for FLASH_WaitForLastOperation
    stm32f10x_flash.o(i.FLASH_EraseAllBank1Pages) refers to stm32f10x_flash.o(i.FLASH_WaitForLastBank1Operation) for FLASH_WaitForLastBank1Operation
    stm32f10x_flash.o(i.FLASH_EraseAllPages) refers to stm32f10x_flash.o(i.FLASH_WaitForLastOperation) for FLASH_WaitForLastOperation
[...]
    Removing stm32f10x_flash.o(i.FLASH_ProgramHalfWord), (64 bytes).
    Removing stm32f10x_flash.o(i.FLASH_ProgramOptionByteData), (84 bytes).
    Removing stm32f10x_flash.o(i.FLASH_ProgramWord), (108 bytes).
    Removing stm32f10x_flash.o(i.FLASH_ReadOutProtection), (172 bytes).
    Removing stm32f10x_flash.o(i.FLASH_SetLatency), (24 bytes).
    Removing stm32f10x_flash.o(i.FLASH_Unlock), (24 bytes).
    Removing stm32f10x_flash.o(i.FLASH_UnlockBank1), (24 bytes).
    Removing stm32f10x_flash.o(i.FLASH_UserOptionByteConfig), (104 bytes).
    Removing stm32f10x_flash.o(i.FLASH_WaitForLastBank1Operation), (38 bytes).
    Removing stm32f10x_flash.o(i.FLASH_WaitForLastOperation), (38 bytes).
    Removing stm32f10x_fsmc.o(i.FSMC_ClearFlag), (64 bytes).
    Removing stm32f10x_fsmc.o(i.FSMC_ClearITPendingBit), (72 bytes).
    Removing stm32f10x_fsmc.o(i.FSMC_GetECC), (28 bytes).
    Removing stm32f10x_fsmc.o(i.FSMC_GetFlagStatus), (56 bytes).
    Removing stm32f10x_fsmc.o(i.FSMC_GetITStatus), (68 bytes).
    Removing stm32f10x_fsmc.o(i.FSMC_ITConfig), (128 bytes).
    Removing stm32f10x_fsmc.o(i.FSMC_NANDCmd), (92 bytes).
    Removing stm32f10x_fsmc.o(i.FSMC_NANDDeInit), (68 bytes).
    Removing stm32f10x_fsmc.o(i.FSMC_NANDECCCmd), (92 bytes).
    Removing stm32f10x_fsmc.o(i.FSMC_NANDInit), (136 bytes).
    Removing stm32f10x_fsmc.o(i.FSMC_NANDStructInit), (54 bytes).
    Removing stm32f10x_fsmc.o(i.FSMC_NORSRAMCmd), (52 bytes).
    Removing stm32f10x_fsmc.o(i.FSMC_NORSRAMDeInit), (54 bytes).
    Removing stm32f10x_fsmc.o(i.FSMC_NORSRAMInit), (230 bytes).
    Removing stm32f10x_fsmc.o(i.FSMC_NORSRAMStructInit), (114 bytes).
    Removing stm32f10x_fsmc.o(i.FSMC_PCCARDCmd), (48 bytes).
    Removing stm32f10x_fsmc.o(i.FSMC_PCCARDDeInit), (40 bytes).
    Removing stm32f10x_fsmc.o(i.FSMC_PCCARDInit), (132 bytes).
    Removing stm32f10x_fsmc.o(i.FSMC_PCCARDStructInit), (60 bytes).
    Removing stm32f10x_gpio.o(i.GPIO_AFIODeInit), (20 bytes).
    Removing stm32f10x_gpio.o(i.GPIO_DeInit), (200 bytes).
    Removing stm32f10x_gpio.o(i.GPIO_ETH_MediaInterfaceConfig), (12 bytes).
    Removing stm32f10x_gpio.o(i.GPIO_EXTILineConfig), (64 bytes).
    Removing stm32f10x_gpio.o(i.GPIO_EventOutputCmd), (12 bytes).
    Removing stm32f10x_gpio.o(i.GPIO_EventOutputConfig), (32 bytes).
    Removing stm32f10x_gpio.o(i.GPIO_PinLockConfig), (18 bytes).
    Removing stm32f10x_gpio.o(i.GPIO_PinRemapConfig), (144 bytes).
    Removing stm32f10x_gpio.o(i.GPIO_ReadInputData), (8 bytes).
    Removing stm32f10x_gpio.o(i.GPIO_ReadOutputData), (8 bytes).
    Removing stm32f10x_gpio.o(i.GPIO_ReadOutputDataBit), (18 bytes).
    Removing stm32f10x_gpio.o(i.GPIO_StructInit), (16 bytes).
    Removing stm32f10x_gpio.o(i.GPIO_Write), (4 bytes).
    Removing stm32f10x_gpio.o(i.GPIO_WriteBit), (10 bytes).
    Removing stm32f10x_i2c.o(i.I2C_ARPCmd), (24 bytes).
    Removing stm32f10x_i2c.o(i.I2C_AcknowledgeConfig), (24 bytes).
    Removing stm32f10x_i2c.o(i.I2C_CalculatePEC), (24 bytes).
    Removing stm32f10x_i2c.o(i.I2C_CheckEvent), (42 bytes).
    Removing stm32f10x_i2c.o(i.I2C_ClearFlag), (12 bytes).
    Removing stm32f10x_i2c.o(i.I2C_ClearITPendingBit), (12 bytes).
    Removing stm32f10x_i2c.o(i.I2C_Cmd), (24 bytes).
    Removing stm32f10x_i2c.o(i.I2C_DMACmd), (24 bytes).
    Removing stm32f10x_i2c.o(i.I2C_DMALastTransferCmd), (24 bytes).
    Removing stm32f10x_i2c.o(i.I2C_DeInit), (56 bytes).
    Removing stm32f10x_i2c.o(i.I2C_DualAddressCmd), (24 bytes).
    Removing stm32f10x_i2c.o(i.I2C_FastModeDutyCycleConfig), (28 bytes).
    Removing stm32f10x_i2c.o(i.I2C_GeneralCallCmd), (24 bytes).
    Removing stm32f10x_i2c.o(i.I2C_GenerateSTART), (24 bytes).
    Removing stm32f10x_i2c.o(i.I2C_GenerateSTOP), (24 bytes).
    Removing stm32f10x_i2c.o(i.I2C_GetFlagStatus), (58 bytes).
    Removing stm32f10x_i2c.o(i.I2C_GetITStatus), (38 bytes).
    Removing stm32f10x_i2c.o(i.I2C_GetLastEvent), (26 bytes).
    Removing stm32f10x_i2c.o(i.I2C_GetPEC), (8 bytes).
    Removing stm32f10x_i2c.o(i.I2C_ITConfig), (18 bytes).
    Removing stm32f10x_i2c.o(i.I2C_Init), (236 bytes).
    Removing stm32f10x_i2c.o(i.I2C_NACKPositionConfig), (28 bytes).
    Removing stm32f10x_i2c.o(i.I2C_OwnAddress2Config), (22 bytes).
    Removing stm32f10x_i2c.o(i.I2C_PECPositionConfig), (28 bytes).
    Removing stm32f10x_i2c.o(i.I2C_ReadRegister), (22 bytes).
    Removing stm32f10x_i2c.o(i.I2C_ReceiveData), (8 bytes).
    Removing stm32f10x_i2c.o(i.I2C_SMBusAlertConfig), (28 bytes).
    Removing stm32f10x_i2c.o(i.I2C_Send7bitAddress), (18 bytes).
    Removing stm32f10x_i2c.o(i.I2C_SendData), (4 bytes).
    Removing stm32f10x_i2c.o(i.I2C_SoftwareResetCmd), (22 bytes).
    Removing stm32f10x_i2c.o(i.I2C_StretchClockCmd), (24 bytes).
    Removing stm32f10x_i2c.o(i.I2C_StructInit), (30 bytes).
    Removing stm32f10x_i2c.o(i.I2C_TransmitPEC), (24 bytes).
    Removing stm32f10x_iwdg.o(i.IWDG_Enable), (16 bytes).
    Removing stm32f10x_iwdg.o(i.IWDG_GetFlagStatus), (24 bytes).
    Removing stm32f10x_iwdg.o(i.IWDG_ReloadCounter), (16 bytes).
    Removing stm32f10x_iwdg.o(i.IWDG_SetPrescaler), (12 bytes).
    Removing stm32f10x_iwdg.o(i.IWDG_SetReload), (12 bytes).
    Removing stm32f10x_iwdg.o(i.IWDG_WriteAccessCmd), (12 bytes).
    Removing stm32f10x_pwr.o(i.PWR_ClearFlag), (20 bytes).
    Removing stm32f10x_pwr.o(i.PWR_DeInit), (22 bytes).
    Removing stm32f10x_pwr.o(i.PWR_EnterSTANDBYMode), (52 bytes).
    Removing stm32f10x_pwr.o(i.PWR_EnterSTOPMode), (64 bytes).
    Removing stm32f10x_pwr.o(i.PWR_GetFlagStatus), (24 bytes).
    Removing stm32f10x_pwr.o(i.PWR_PVDCmd), (12 bytes).
    Removing stm32f10x_pwr.o(i.PWR_PVDLevelConfig), (24 bytes).
    Removing stm32f10x_pwr.o(i.PWR_WakeUpPinCmd), (12 bytes).
    Removing stm32f10x_rcc.o(i.RCC_APB1PeriphResetCmd), (32 bytes).
    Removing stm32f10x_rcc.o(i.RCC_APB2PeriphResetCmd), (32 bytes).
    Removing stm32f10x_rcc.o(i.RCC_AdjustHSICalibrationValue), (24 bytes).
    Removing stm32f10x_rcc.o(i.RCC_ClearFlag), (20 bytes).
    Removing stm32f10x_rcc.o(i.RCC_ClearITPendingBit), (12 bytes).
    Removing stm32f10x_rcc.o(i.RCC_ClockSecuritySystemCmd), (12 bytes).
    Removing stm32f10x_rcc.o(i.RCC_DeInit), (76 bytes).
    Removing stm32f10x_rcc.o(i.RCC_GetITStatus), (24 bytes).
    Removing stm32f10x_rcc.o(i.RCC_GetSYSCLKSource), (16 bytes).
    Removing stm32f10x_rcc.o(i.RCC_HCLKConfig), (24 bytes).
    Removing stm32f10x_rcc.o(i.RCC_HSEConfig), (76 bytes).
    Removing stm32f10x_rcc.o(i.RCC_HSICmd), (12 bytes).
    Removing stm32f10x_rcc.o(i.RCC_ITConfig), (32 bytes).
    Removing stm32f10x_rcc.o(i.RCC_LSICmd), (12 bytes).
    Removing stm32f10x_rcc.o(i.RCC_MCOConfig), (12 bytes).
    Removing stm32f10x_rcc.o(i.RCC_PCLK1Config), (24 bytes).
    Removing stm32f10x_rcc.o(i.RCC_PCLK2Config), (24 bytes).
    Removing stm32f10x_rcc.o(i.RCC_PLLCmd), (12 bytes).
    Removing stm32f10x_rcc.o(i.RCC_PLLConfig), (28 bytes).
    Removing stm32f10x_rcc.o(i.RCC_SYSCLKConfig), (24 bytes).
    Removing stm32f10x_rcc.o(i.RCC_USBCLKConfig), (12 bytes).
    Removing stm32f10x_rcc.o(i.RCC_WaitForHSEStartUp), (56 bytes).
    Removing stm32f10x_rtc.o(i.RTC_ClearFlag), (16 bytes).
    Removing stm32f10x_rtc.o(i.RTC_GetDivider), (24 bytes).
    Removing stm32f10x_rtc.o(i.RTC_GetITStatus), (36 bytes).
    Removing stm32f10x_rtc.o(i.RTC_SetAlarm), (28 bytes).
    Removing stm32f10x_sdio.o(i.SDIO_CEATAITCmd), (16 bytes).
    Removing stm32f10x_sdio.o(i.SDIO_ClearFlag), (12 bytes).
    Removing stm32f10x_sdio.o(i.SDIO_ClearITPendingBit), (12 bytes).
    Removing stm32f10x_sdio.o(i.SDIO_ClockCmd), (12 bytes).
    Removing stm32f10x_sdio.o(i.SDIO_CmdStructInit), (14 bytes).
    Removing stm32f10x_sdio.o(i.SDIO_CommandCompletionCmd), (12 bytes).
    Removing stm32f10x_sdio.o(i.SDIO_DMACmd), (12 bytes).
    Removing stm32f10x_sdio.o(i.SDIO_DataConfig), (48 bytes).
    Removing stm32f10x_sdio.o(i.SDIO_DataStructInit), (20 bytes).
    Removing stm32f10x_sdio.o(i.SDIO_DeInit), (36 bytes).
    Removing stm32f10x_sdio.o(i.SDIO_GetCommandResponse), (12 bytes).
    Removing stm32f10x_sdio.o(i.SDIO_GetDataCounter), (12 bytes).
    Removing stm32f10x_sdio.o(i.SDIO_GetFIFOCount), (12 bytes).
    Removing stm32f10x_sdio.o(i.SDIO_GetFlagStatus), (24 bytes).
    Removing stm32f10x_sdio.o(i.SDIO_GetITStatus), (24 bytes).
    Removing stm32f10x_sdio.o(i.SDIO_GetPowerState), (16 bytes).
    Removing stm32f10x_sdio.o(i.SDIO_GetResponse), (24 bytes).
    Removing stm32f10x_sdio.o(i.SDIO_ITConfig), (32 bytes).
    Removing stm32f10x_sdio.o(i.SDIO_Init), (48 bytes).
    Removing stm32f10x_sdio.o(i.SDIO_ReadData), (12 bytes).
    Removing stm32f10x_sdio.o(i.SDIO_SendCEATACmd), (12 bytes).
    Removing stm32f10x_sdio.o(i.SDIO_SendCommand), (44 bytes).
    Removing stm32f10x_sdio.o(i.SDIO_SendSDIOSuspendCmd), (12 bytes).
    Removing stm32f10x_sdio.o(i.SDIO_SetPowerState), (28 bytes).
    Removing stm32f10x_sdio.o(i.SDIO_SetSDIOOperation), (12 bytes).
    Removing stm32f10x_sdio.o(i.SDIO_SetSDIOReadWaitMode), (12 bytes).
    Removing stm32f10x_sdio.o(i.SDIO_StartSDIOReadWait), (12 bytes).
    Removing stm32f10x_sdio.o(i.SDIO_StopSDIOReadWait), (12 bytes).
    Removing stm32f10x_sdio.o(i.SDIO_StructInit), (16 bytes).
    Removing stm32f10x_sdio.o(i.SDIO_WriteData), (12 bytes).
    Removing stm32f10x_spi.o(i.I2S_Cmd), (24 bytes).
    Removing stm32f10x_spi.o(i.I2S_Init), (232 bytes).
    Removing stm32f10x_spi.o(i.I2S_StructInit), (20 bytes).
    Removing stm32f10x_spi.o(i.SPI_BiDirectionalLineConfig), (28 bytes).
    Removing stm32f10x_spi.o(i.SPI_CalculateCRC), (24 bytes).
    Removing stm32f10x_spi.o(i.SPI_Cmd), (24 bytes).
    Removing stm32f10x_spi.o(i.SPI_DataSizeConfig), (18 bytes).
    Removing stm32f10x_spi.o(i.SPI_GetCRC), (16 bytes).
    Removing stm32f10x_spi.o(i.SPI_GetCRCPolynomial), (6 bytes).
    Removing stm32f10x_spi.o(i.SPI_I2S_ClearFlag), (6 bytes).
    Removing stm32f10x_spi.o(i.SPI_I2S_ClearITPendingBit), (20 bytes).
    Removing stm32f10x_spi.o(i.SPI_I2S_DMACmd), (18 bytes).
    Removing stm32f10x_spi.o(i.SPI_I2S_DeInit), (88 bytes).
    Removing stm32f10x_spi.o(i.SPI_I2S_GetFlagStatus), (18 bytes).
    Removing stm32f10x_spi.o(i.SPI_I2S_GetITStatus), (52 bytes).
    Removing stm32f10x_spi.o(i.SPI_I2S_ITConfig), (32 bytes).
    Removing stm32f10x_spi.o(i.SPI_I2S_ReceiveData), (6 bytes).
    Removing stm32f10x_spi.o(i.SPI_I2S_SendData), (4 bytes).
    Removing stm32f10x_spi.o(i.SPI_Init), (60 bytes).
    Removing stm32f10x_spi.o(i.SPI_NSSInternalSoftwareConfig), (30 bytes).
    Removing stm32f10x_spi.o(i.SPI_SSOutputCmd), (24 bytes).
    Removing stm32f10x_spi.o(i.SPI_StructInit), (24 bytes).
    Removing stm32f10x_spi.o(i.SPI_TransmitCRC), (10 bytes).
    Removing stm32f10x_tim.o(i.TI1_Config), (128 bytes).
    Removing stm32f10x_tim.o(i.TI2_Config), (152 bytes).
    Removing stm32f10x_tim.o(i.TI3_Config), (144 bytes).
    Removing stm32f10x_tim.o(i.TI4_Config), (152 bytes).
    Removing stm32f10x_tim.o(i.TIM_ARRPreloadConfig), (24 bytes).
    Removing stm32f10x_tim.o(i.TIM_BDTRConfig), (32 bytes).
    Removing stm32f10x_tim.o(i.TIM_BDTRStructInit), (18 bytes).
    Removing stm32f10x_tim.o(i.TIM_CCPreloadControl), (24 bytes).
    Removing stm32f10x_tim.o(i.TIM_CCxCmd), (30 bytes).
    Removing stm32f10x_tim.o(i.TIM_CCxNCmd), (30 bytes).
    Removing stm32f10x_tim.o(i.TIM_ClearFlag), (6 bytes).
    Removing stm32f10x_tim.o(i.TIM_ClearOC1Ref), (18 bytes).
    Removing stm32f10x_tim.o(i.TIM_ClearOC2Ref), (24 bytes).
    Removing stm32f10x_tim.o(i.TIM_ClearOC3Ref), (18 bytes).
    Removing stm32f10x_tim.o(i.TIM_ClearOC4Ref), (24 bytes).
    Removing stm32f10x_tim.o(i.TIM_CounterModeConfig), (18 bytes).
    Removing stm32f10x_tim.o(i.TIM_CtrlPWMOutputs), (30 bytes).
    Removing stm32f10x_tim.o(i.TIM_DMACmd), (18 bytes).
    Removing stm32f10x_tim.o(i.TIM_DMAConfig), (10 bytes).
    Removing stm32f10x_tim.o(i.TIM_DeInit), (488 bytes).
    Removing stm32f10x_tim.o(i.TIM_ETRClockMode1Config), (54 bytes).
    Removing stm32f10x_tim.o(i.TIM_ETRClockMode2Config), (32 bytes).
    Removing stm32f10x_tim.o(i.TIM_ETRConfig), (28 bytes).
    Removing stm32f10x_tim.o(i.TIM_EncoderInterfaceConfig), (66 bytes).
    Removing stm32f10x_tim.o(i.TIM_ForcedOC1Config), (18 bytes).
    Removing stm32f10x_tim.o(i.TIM_ForcedOC2Config), (26 bytes).
    Removing stm32f10x_tim.o(i.TIM_ForcedOC3Config), (18 bytes).
    Removing stm32f10x_tim.o(i.TIM_ForcedOC4Config), (26 bytes).
    Removing stm32f10x_tim.o(i.TIM_GenerateEvent), (4 bytes).
    Removing stm32f10x_tim.o(i.TIM_GetCapture1), (6 bytes).
    Removing stm32f10x_tim.o(i.TIM_GetCapture2), (6 bytes).
    Removing stm32f10x_tim.o(i.TIM_GetCapture3), (6 bytes).
    Removing stm32f10x_tim.o(i.TIM_GetCapture4), (8 bytes).
    Removing stm32f10x_tim.o(i.TIM_GetCounter), (6 bytes).
    Removing stm32f10x_tim.o(i.TIM_GetFlagStatus), (18 bytes).
    Removing stm32f10x_tim.o(i.TIM_GetPrescaler), (6 bytes).
    Removing stm32f10x_tim.o(i.TIM_ICInit), (172 bytes).
    Removing stm32f10x_tim.o(i.TIM_ICStructInit), (18 bytes).
    Removing stm32f10x_tim.o(i.TIM_ITRxExternalClockConfig), (24 bytes).
    Removing stm32f10x_tim.o(i.TIM_InternalClockConfig), (12 bytes).
    Removing stm32f10x_tim.o(i.TIM_OC1FastConfig), (18 bytes).
    Removing stm32f10x_tim.o(i.TIM_OC1Init), (152 bytes).
    Removing stm32f10x_tim.o(i.TIM_OC1NPolarityConfig), (18 bytes).
    Removing stm32f10x_tim.o(i.TIM_OC1PolarityConfig), (18 bytes).
    Removing stm32f10x_tim.o(i.TIM_OC1PreloadConfig), (18 bytes).
    Removing stm32f10x_tim.o(i.TIM_OC2FastConfig), (26 bytes).
    Removing stm32f10x_tim.o(i.TIM_OC2Init), (164 bytes).
    Removing stm32f10x_tim.o(i.TIM_OC2NPolarityConfig), (26 bytes).
    Removing stm32f10x_tim.o(i.TIM_OC2PolarityConfig), (26 bytes).
    Removing stm32f10x_tim.o(i.TIM_OC2PreloadConfig), (26 bytes).
    Removing stm32f10x_tim.o(i.TIM_OC3FastConfig), (18 bytes).
    Removing stm32f10x_tim.o(i.TIM_OC3Init), (160 bytes).
    Removing stm32f10x_tim.o(i.TIM_OC3NPolarityConfig), (26 bytes).
    Removing stm32f10x_tim.o(i.TIM_OC3PolarityConfig), (26 bytes).
    Removing stm32f10x_tim.o(i.TIM_OC3PreloadConfig), (18 bytes).
    Removing stm32f10x_tim.o(i.TIM_OC4FastConfig), (26 bytes).
    Removing stm32f10x_tim.o(i.TIM_OC4Init), (124 bytes).
    Removing stm32f10x_tim.o(i.TIM_OC4PolarityConfig), (26 bytes).
    Removing stm32f10x_tim.o(i.TIM_OC4PreloadConfig), (26 bytes).
    Removing stm32f10x_tim.o(i.TIM_OCStructInit), (20 bytes).
    Removing stm32f10x_tim.o(i.TIM_PWMIConfig), (124 bytes).
    Removing stm32f10x_tim.o(i.TIM_PrescalerConfig), (6 bytes).
    Removing stm32f10x_tim.o(i.TIM_SelectCCDMA), (24 bytes).
    Removing stm32f10x_tim.o(i.TIM_SelectCOM), (24 bytes).
    Removing stm32f10x_tim.o(i.TIM_SelectHallSensor), (24 bytes).
    Removing stm32f10x_tim.o(i.TIM_SelectInputTrigger), (18 bytes).
    Removing stm32f10x_tim.o(i.TIM_SelectMasterSlaveMode), (18 bytes).
    Removing stm32f10x_tim.o(i.TIM_SelectOCxM), (82 bytes).
    Removing stm32f10x_tim.o(i.TIM_SelectOnePulseMode), (18 bytes).
    Removing stm32f10x_tim.o(i.TIM_SelectOutputTrigger), (18 bytes).
    Removing stm32f10x_tim.o(i.TIM_SelectSlaveMode), (18 bytes).
    Removing stm32f10x_tim.o(i.TIM_SetAutoreload), (4 bytes).
    Removing stm32f10x_tim.o(i.TIM_SetClockDivision), (18 bytes).
    Removing stm32f10x_tim.o(i.TIM_SetCompare1), (4 bytes).
    Removing stm32f10x_tim.o(i.TIM_SetCompare2), (4 bytes).
    Removing stm32f10x_tim.o(i.TIM_SetCompare3), (4 bytes).
    Removing stm32f10x_tim.o(i.TIM_SetCompare4), (6 bytes).
    Removing stm32f10x_tim.o(i.TIM_SetCounter), (4 bytes).
    Removing stm32f10x_tim.o(i.TIM_SetIC1Prescaler), (18 bytes).
    Removing stm32f10x_tim.o(i.TIM_SetIC2Prescaler), (26 bytes).
    Removing stm32f10x_tim.o(i.TIM_SetIC3Prescaler), (18 bytes).
    Removing stm32f10x_tim.o(i.TIM_SetIC4Prescaler), (26 bytes).
    Removing stm32f10x_tim.o(i.TIM_TIxExternalClockConfig), (62 bytes).
    Removing stm32f10x_tim.o(i.TIM_TimeBaseStructInit), (18 bytes).
    Removing stm32f10x_tim.o(i.TIM_UpdateDisableConfig), (24 bytes).
    Removing stm32f10x_tim.o(i.TIM_UpdateRequestConfig), (24 bytes).
    Removing stm32f10x_usart.o(i.USART_ClearFlag), (18 bytes).
    Removing stm32f10x_usart.o(i.USART_ClearITPendingBit), (30 bytes).
    Removing stm32f10x_usart.o(i.USART_ClockInit), (34 bytes).
    Removing stm32f10x_usart.o(i.USART_ClockStructInit), (12 bytes).
    Removing stm32f10x_usart.o(i.USART_DMACmd), (18 bytes).
    Removing stm32f10x_usart.o(i.USART_DeInit), (156 bytes).
    Removing stm32f10x_usart.o(i.USART_GetFlagStatus), (26 bytes).
    Removing stm32f10x_usart.o(i.USART_HalfDuplexCmd), (24 bytes).
    Removing stm32f10x_usart.o(i.USART_IrDACmd), (24 bytes).
    Removing stm32f10x_usart.o(i.USART_IrDAConfig), (18 bytes).
    Removing stm32f10x_usart.o(i.USART_LINBreakDetectLengthConfig), (18 bytes).
    Removing stm32f10x_usart.o(i.USART_LINCmd), (24 bytes).
    Removing stm32f10x_usart.o(i.USART_OneBitMethodCmd), (24 bytes).
    Removing stm32f10x_usart.o(i.USART_OverSampling8Cmd), (22 bytes).
    Removing stm32f10x_usart.o(i.USART_ReceiverWakeUpCmd), (24 bytes).
    Removing stm32f10x_usart.o(i.USART_SendBreak), (10 bytes).
    Removing stm32f10x_usart.o(i.USART_SendData), (8 bytes).
    Removing stm32f10x_usart.o(i.USART_SetAddress), (18 bytes).
    Removing stm32f10x_usart.o(i.USART_SetGuardTime), (16 bytes).
    Removing stm32f10x_usart.o(i.USART_SetPrescaler), (16 bytes).
    Removing stm32f10x_usart.o(i.USART_SmartCardCmd), (24 bytes).
    Removing stm32f10x_usart.o(i.USART_SmartCardNACKCmd), (24 bytes).
    Removing stm32f10x_usart.o(i.USART_StructInit), (24 bytes).
    Removing stm32f10x_usart.o(i.USART_WakeUpConfig), (18 bytes).
    Removing stm32f10x_wwdg.o(i.WWDG_ClearFlag), (12 bytes).
    Removing stm32f10x_wwdg.o(i.WWDG_DeInit), (22 bytes).
    Removing stm32f10x_wwdg.o(i.WWDG_Enable), (16 bytes).
    Removing stm32f10x_wwdg.o(i.WWDG_EnableIT), (12 bytes).
    Removing stm32f10x_wwdg.o(i.WWDG_GetFlagStatus), (12 bytes).
    Removing stm32f10x_wwdg.o(i.WWDG_SetCounter), (16 bytes).
    Removing stm32f10x_wwdg.o(i.WWDG_SetPrescaler), (24 bytes).
    Removing stm32f10x_wwdg.o(i.WWDG_SetWindowValue), (40 bytes).
    Removing uart.o(i._sys_exit), (6 bytes).
    Removing uart.o(i.fputc), (28 bytes).
    Removing timer.o(i.TIM3_PWM_Init), (144 bytes).
    Removing oled.o(i.OLED_Display_Off), (28 bytes).
    Removing oled.o(i.OLED_Display_On), (28 bytes).
    Removing rtc.o(i.RTC_Alarm_Set), (200 bytes).

432 unused section(s) (total 17148 bytes) removed from the image.

==============================================================================

Image Symbol Table

    Local Symbols

    Symbol Name                              Value     Ov Type        Size  Object(Section)

    ../clib/microlib/init/entry.s            0x00000000   Number         0  entry10a.o ABSOLUTE
    ../clib/microlib/init/entry.s            0x00000000   Number         0  entry2.o ABSOLUTE
    ../clib/microlib/init/entry.s            0x00000000   Number         0  entry5.o ABSOLUTE
    ../clib/microlib/init/entry.s            0x00000000   Number         0  entry7a.o ABSOLUTE
    ../clib/microlib/init/entry.s            0x00000000   Number         0  entry.o ABSOLUTE
    ../clib/microlib/init/entry.s            0x00000000   Number         0  entry8b.o ABSOLUTE
    ../clib/microlib/init/entry.s            0x00000000   Number         0  entry7b.o ABSOLUTE
    ../clib/microlib/init/entry.s            0x00000000   Number         0  entry8a.o ABSOLUTE
    ../clib/microlib/init/entry.s            0x00000000   Number         0  entry9a.o ABSOLUTE
    ../clib/microlib/init/entry.s            0x00000000   Number         0  entry9b.o ABSOLUTE
    ../clib/microlib/init/entry.s            0x00000000   Number         0  entry10b.o ABSOLUTE
    ../clib/microlib/init/entry.s            0x00000000   Number         0  entry11b.o ABSOLUTE
    ../clib/microlib/init/entry.s            0x00000000   Number         0  entry11a.o ABSOLUTE
    ../clib/microlib/longlong.c              0x00000000   Number         0  llshl.o ABSOLUTE
    ../clib/microlib/longlong.c              0x00000000   Number         0  llushr.o ABSOLUTE
    ../clib/microlib/malloc/malloc.c         0x00000000   Number         0  malloc.o ABSOLUTE
    ../clib/microlib/malloc/malloc.c         0x00000000   Number         0  mallocra.o ABSOLUTE
    ../clib/microlib/malloc/malloc.c         0x00000000   Number         0  malloca.o ABSOLUTE
    ../clib/microlib/malloc/malloc.c         0x00000000   Number         0  mallocr.o ABSOLUTE
    ../clib/microlib/malloc/mvars.c          0x00000000   Number         0  mvars.o ABSOLUTE
    ../clib/microlib/string/memcpy.c         0x00000000   Number         0  memcpya.o ABSOLUTE
    ../clib/microlib/string/memcpy.c         0x00000000   Number         0  memcpyb.o ABSOLUTE
    ../clib/microlib/stubs.s                 0x00000000   Number         0  iusefp.o ABSOLUTE
    ../clib/microlib/stubs.s                 0x00000000   Number         0  useno.o ABSOLUTE
    ../fplib/microlib/f2d.c                  0x00000000   Number         0  f2d.o ABSOLUTE
    ../fplib/microlib/fpdiv.c                0x00000000   Number         0  fdiv.o ABSOLUTE
    ../fplib/microlib/fpepilogue.c           0x00000000   Number         0  depilogue.o ABSOLUTE
    ../fplib/microlib/fpepilogue.c           0x00000000   Number         0  fepilogue.o ABSOLUTE
    ../fplib/microlib/fpfix.c                0x00000000   Number         0  dfixui.o ABSOLUTE
    ../fplib/microlib/fpflt.c                0x00000000   Number         0  ffltui.o ABSOLUTE
    ../fplib/microlib/fpmul.c                0x00000000   Number         0  dmul.o ABSOLUTE
    ..\CORE\core_cm3.c                       0x00000000   Number         0  core_cm3.o ABSOLUTE
    ..\CORE\startup_stm32f10x_hd.s           0x00000000   Number         0  startup_stm32f10x_hd.o ABSOLUTE
    ..\HARDWARE\KEY\key.c                    0x00000000   Number         0  key.o ABSOLUTE
    ..\HARDWARE\LED\led.c                    0x00000000   Number         0  led.o ABSOLUTE
    ..\HARDWARE\OLED\oled.c                  0x00000000   Number         0  oled.o ABSOLUTE
    ..\HARDWARE\OLED\page.c                  0x00000000   Number         0  page.o ABSOLUTE
    ..\HARDWARE\REMOTE\remote.c              0x00000000   Number         0  remote.o ABSOLUTE
    ..\HARDWARE\RTC\rtc.c                    0x00000000   Number         0  rtc.o ABSOLUTE
    ..\HARDWARE\SNAKE\snake.c                0x00000000   Number         0  snake.o ABSOLUTE
    ..\HARDWARE\TIMER\timer.c                0x00000000   Number         0  timer.o ABSOLUTE
    ..\HARDWARE\UART\uart.c                  0x00000000   Number         0  uart.o ABSOLUTE
    ..\STM32F10x_FWLib\src\misc.c            0x00000000   Number         0  misc.o ABSOLUTE
    ..\STM32F10x_FWLib\src\stm32f10x_adc.c   0x00000000   Number         0  stm32f10x_adc.o ABSOLUTE
    ..\STM32F10x_FWLib\src\stm32f10x_bkp.c   0x00000000   Number         0  stm32f10x_bkp.o ABSOLUTE
    ..\STM32F10x_FWLib\src\stm32f10x_can.c   0x00000000   Number         0  stm32f10x_can.o ABSOLUTE
    ..\STM32F10x_FWLib\src\stm32f10x_cec.c   0x00000000   Number         0  stm32f10x_cec.o ABSOLUTE
    ..\STM32F10x_FWLib\src\stm32f10x_crc.c   0x00000000   Number         0  stm32f10x_crc.o ABSOLUTE
    ..\STM32F10x_FWLib\src\stm32f10x_dac.c   0x00000000   Number         0  stm32f10x_dac.o ABSOLUTE
    ..\STM32F10x_FWLib\src\stm32f10x_dbgmcu.c 0x00000000   Number         0  stm32f10x_dbgmcu.o ABSOLUTE
    ..\STM32F10x_FWLib\src\stm32f10x_dma.c   0x00000000   Number         0  stm32f10x_dma.o ABSOLUTE
    ..\STM32F10x_FWLib\src\stm32f10x_exti.c  0x00000000   Number         0  stm32f10x_exti.o ABSOLUTE
    ..\STM32F10x_FWLib\src\stm32f10x_flash.c 0x00000000   Number         0  stm32f10x_flash.o ABSOLUTE
    ..\STM32F10x_FWLib\src\stm32f10x_fsmc.c  0x00000000   Number         0  stm32f10x_fsmc.o ABSOLUTE
    ..\STM32F10x_FWLib\src\stm32f10x_gpio.c  0x00000000   Number         0  stm32f10x_gpio.o ABSOLUTE
    ..\STM32F10x_FWLib\src\stm32f10x_i2c.c   0x00000000   Number         0  stm32f10x_i2c.o ABSOLUTE
    ..\STM32F10x_FWLib\src\stm32f10x_iwdg.c  0x00000000   Number         0  stm32f10x_iwdg.o ABSOLUTE
    ..\STM32F10x_FWLib\src\stm32f10x_pwr.c   0x00000000   Number         0  stm32f10x_pwr.o ABSOLUTE
    ..\STM32F10x_FWLib\src\stm32f10x_rcc.c   0x00000000   Number         0  stm32f10x_rcc.o ABSOLUTE
    ..\STM32F10x_FWLib\src\stm32f10x_rtc.c   0x00000000   Number         0  stm32f10x_rtc.o ABSOLUTE
    ..\STM32F10x_FWLib\src\stm32f10x_sdio.c  0x00000000   Number         0  stm32f10x_sdio.o ABSOLUTE
    ..\STM32F10x_FWLib\src\stm32f10x_spi.c   0x00000000   Number         0  stm32f10x_spi.o ABSOLUTE
    ..\STM32F10x_FWLib\src\stm32f10x_tim.c   0x00000000   Number         0  stm32f10x_tim.o ABSOLUTE
    ..\STM32F10x_FWLib\src\stm32f10x_usart.c 0x00000000   Number         0  stm32f10x_usart.o ABSOLUTE
    ..\STM32F10x_FWLib\src\stm32f10x_wwdg.c  0x00000000   Number         0  stm32f10x_wwdg.o ABSOLUTE
    ..\SYSTEM\delay\delay.c                  0x00000000   Number         0  delay.o ABSOLUTE
    ..\SYSTEM\sys\sys.c                      0x00000000   Number         0  sys.o ABSOLUTE
    ..\\CORE\\core_cm3.c                     0x00000000   Number         0  core_cm3.o ABSOLUTE
    ..\\SYSTEM\\sys\\sys.c                   0x00000000   Number         0  sys.o ABSOLUTE
    dc.s                                     0x00000000   Number         0  dc.o ABSOLUTE
    handlers.s                               0x00000000   Number         0  handlers.o ABSOLUTE
    init.s                                   0x00000000   Number         0  init.o ABSOLUTE
    main.c                                   0x00000000   Number         0  main.o ABSOLUTE
    stm32f10x_it.c                           0x00000000   Number         0  stm32f10x_it.o ABSOLUTE
    system_stm32f10x.c                       0x00000000   Number         0  system_stm32f10x.o ABSOLUTE
    RESET                                    0x08000000   Section      304  startup_stm32f10x_hd.o(RESET)
    .ARM.Collect$$$$00000000                 0x08000130   Section        0  entry.o(.ARM.Collect$$$$00000000)
    .ARM.Collect$$$$00000001                 0x08000130   Section        4  entry2.o(.ARM.Collect$$$$00000001)
    .ARM.Collect$$$$00000004                 0x08000134   Section        4  entry5.o(.ARM.Collect$$$$00000004)
    .ARM.Collect$$$$00000008                 0x08000138   Section        0  entry7b.o(.ARM.Collect$$$$00000008)
    .ARM.Collect$$$$0000000A                 0x08000138   Section        0  entry8b.o(.ARM.Collect$$$$0000000A)
    .ARM.Collect$$$$0000000B                 0x08000138   Section        8  entry9a.o(.ARM.Collect$$$$0000000B)
    .ARM.Collect$$$$0000000D                 0x08000140   Section        0  entry10a.o(.ARM.Collect$$$$0000000D)
    .ARM.Collect$$$$0000000F                 0x08000140   Section        0  entry11a.o(.ARM.Collect$$$$0000000F)
    .ARM.Collect$$$$00002712                 0x08000140   Section        4  entry2.o(.ARM.Collect$$$$00002712)
    __lit__00000000                          0x08000140   Data           4  entry2.o(.ARM.Collect$$$$00002712)
    .text                                    0x08000144   Section       36  startup_stm32f10x_hd.o(.text)
    .text                                    0x08000168   Section        0  fdiv.o(.text)
    .text                                    0x080001e4   Section        0  dmul.o(.text)
    .text                                    0x080002c8   Section        0  ffltui.o(.text)
    .text                                    0x080002d2   Section        0  dfixui.o(.text)
    .text                                    0x08000304   Section        0  f2d.o(.text)
    .text                                    0x0800032a   Section        0  llushr.o(.text)
    .text                                    0x0800034a   Section        0  fepilogue.o(.text)
    .text                                    0x0800034a   Section        0  iusefp.o(.text)
    .text                                    0x080003b8   Section        0  depilogue.o(.text)
    .text                                    0x08000474   Section       36  init.o(.text)
    .text                                    0x08000498   Section        0  llshl.o(.text)
    i.ADC_Cmd                                0x080004b6   Section        0  stm32f10x_adc.o(i.ADC_Cmd)
    i.ADC_DMACmd                             0x080004cc   Section        0  stm32f10x_adc.o(i.ADC_DMACmd)
    i.ADC_GetCalibrationStatus               0x080004e2   Section        0  stm32f10x_adc.o(i.ADC_GetCalibrationStatus)
    i.ADC_GetResetCalibrationStatus          0x080004f6   Section        0  stm32f10x_adc.o(i.ADC_GetResetCalibrationStatus)
    i.ADC_Init                               0x0800050c   Section        0  stm32f10x_adc.o(i.ADC_Init)
    i.ADC_RegularChannelConfig               0x0800055c   Section        0  stm32f10x_adc.o(i.ADC_RegularChannelConfig)
    i.ADC_ResetCalibration                   0x08000614   Section        0  stm32f10x_adc.o(i.ADC_ResetCalibration)
    i.ADC_SoftwareStartConvCmd               0x0800061e   Section        0  stm32f10x_adc.o(i.ADC_SoftwareStartConvCmd)
    i.ADC_StartCalibration                   0x08000634   Section        0  stm32f10x_adc.o(i.ADC_StartCalibration)
    i.AdcInit                                0x08000640   Section        0  remote.o(i.AdcInit)
    i.BKP_DeInit                             0x08000718   Section        0  stm32f10x_bkp.o(i.BKP_DeInit)
    i.BKP_ReadBackupRegister                 0x08000728   Section        0  stm32f10x_bkp.o(i.BKP_ReadBackupRegister)
    i.BKP_WriteBackupRegister                0x08000744   Section        0  stm32f10x_bkp.o(i.BKP_WriteBackupRegister)
    i.BusFault_Handler                       0x08000760   Section        0  stm32f10x_it.o(i.BusFault_Handler)
    i.CreatFood                              0x08000764   Section        0  snake.o(i.CreatFood)
    i.DMAInit                                0x080007d8   Section        0  remote.o(i.DMAInit)
    i.DMA_Cmd                                0x08000838   Section        0  stm32f10x_dma.o(i.DMA_Cmd)
    i.DMA_DeInit                             0x08000850   Section        0  stm32f10x_dma.o(i.DMA_DeInit)
    i.DMA_Init                               0x0800099c   Section        0  stm32f10x_dma.o(i.DMA_Init)
    i.DebugMon_Handler                       0x080009d8   Section        0  stm32f10x_it.o(i.DebugMon_Handler)
    i.DestroyRear                            0x080009da   Section        0  snake.o(i.DestroyRear)
    i.DestroySnake                           0x08000a20   Section        0  snake.o(i.DestroySnake)
    i.DrawWall                               0x08000a50   Section        0  snake.o(i.DrawWall)
    i.GPIO_Init                              0x08000a84   Section        0  stm32f10x_gpio.o(i.GPIO_Init)
    i.GPIO_ReadInputDataBit                  0x08000b9a   Section        0  stm32f10x_gpio.o(i.GPIO_ReadInputDataBit)
    i.GPIO_ResetBits                         0x08000bac   Section        0  stm32f10x_gpio.o(i.GPIO_ResetBits)
    i.GPIO_SetBits                           0x08000bb0   Section        0  stm32f10x_gpio.o(i.GPIO_SetBits)
    i.GetDirection                           0x08000bb4   Section        0  timer.o(i.GetDirection)
    i.GetRandom                              0x08000bc0   Section        0  timer.o(i.GetRandom)
    i.HardFault_Handler                      0x08000be0   Section        0  stm32f10x_it.o(i.HardFault_Handler)
    i.InsertFront                            0x08000be4   Section        0  snake.o(i.InsertFront)
    i.Is_Leap_Year                           0x08000c16   Section        0  rtc.o(i.Is_Leap_Year)
    i.KEY_Init                               0x08000c44   Section        0  key.o(i.KEY_Init)
    i.KEY_Scan                               0x08000c80   Section        0  key.o(i.KEY_Scan)
    i.LED_Init                               0x08000d24   Section        0  led.o(i.LED_Init)
    i.MemManage_Handler                      0x08000d70   Section        0  stm32f10x_it.o(i.MemManage_Handler)
    i.NMI_Handler                            0x08000d74   Section        0  stm32f10x_it.o(i.NMI_Handler)
    i.NVIC_Init                              0x08000d78   Section        0  misc.o(i.NVIC_Init)
    i.NVIC_PriorityGroupConfig               0x08000de8   Section        0  misc.o(i.NVIC_PriorityGroupConfig)
    i.OLED_Clear                             0x08000dfc   Section        0  oled.o(i.OLED_Clear)
    i.OLED_Init                              0x08000e3c   Section        0  oled.o(i.OLED_Init)
    i.OLED_Set_Pos                           0x08000f84   Section        0  oled.o(i.OLED_Set_Pos)
    i.OLED_ShowChar                          0x08000fb0   Section        0  oled.o(i.OLED_ShowChar)
    i.OLED_ShowChinese                       0x08001048   Section        0  oled.o(i.OLED_ShowChinese)
    i.OLED_ShowNum                           0x080010e4   Section        0  oled.o(i.OLED_ShowNum)
    i.OLED_ShowString                        0x08001190   Section        0  oled.o(i.OLED_ShowString)
    i.OLED_ShowTime                          0x080011d8   Section        0  oled.o(i.OLED_ShowTime)
    i.OLED_ShowWord                          0x0800125c   Section        0  oled.o(i.OLED_ShowWord)
    i.OLED_WR_Byte                           0x080012ac   Section        0  oled.o(i.OLED_WR_Byte)
    i.OLED_WR_Byte2                          0x08001334   Section        0  oled.o(i.OLED_WR_Byte2)
    i.PS2_Scan                               0x080013bc   Section        0  remote.o(i.PS2_Scan)
    i.PWR_BackupAccessCmd                    0x08001468   Section        0  stm32f10x_pwr.o(i.PWR_BackupAccessCmd)
    i.Page_main                              0x08001474   Section        0  page.o(i.Page_main)
    i.PendSV_Handler                         0x080014b8   Section        0  stm32f10x_it.o(i.PendSV_Handler)
    i.PlaySnake                              0x080014bc   Section        0  snake.o(i.PlaySnake)
    i.RCC_ADCCLKConfig                       0x080016e4   Section        0  stm32f10x_rcc.o(i.RCC_ADCCLKConfig)
    i.RCC_AHBPeriphClockCmd                  0x080016fc   Section        0  stm32f10x_rcc.o(i.RCC_AHBPeriphClockCmd)
    i.RCC_APB1PeriphClockCmd                 0x0800171c   Section        0  stm32f10x_rcc.o(i.RCC_APB1PeriphClockCmd)
    i.RCC_APB2PeriphClockCmd                 0x0800173c   Section        0  stm32f10x_rcc.o(i.RCC_APB2PeriphClockCmd)
    i.RCC_BackupResetCmd                     0x0800175c   Section        0  stm32f10x_rcc.o(i.RCC_BackupResetCmd)
    i.RCC_GetClocksFreq                      0x08001768   Section        0  stm32f10x_rcc.o(i.RCC_GetClocksFreq)
    i.RCC_GetFlagStatus                      0x0800183c   Section        0  stm32f10x_rcc.o(i.RCC_GetFlagStatus)
    i.RCC_LSEConfig                          0x08001878   Section        0  stm32f10x_rcc.o(i.RCC_LSEConfig)
    i.RCC_RTCCLKCmd                          0x080018ac   Section        0  stm32f10x_rcc.o(i.RCC_RTCCLKCmd)
    i.RCC_RTCCLKConfig                       0x080018b8   Section        0  stm32f10x_rcc.o(i.RCC_RTCCLKConfig)
    i.RTC_ClearITPendingBit                  0x080018c8   Section        0  stm32f10x_rtc.o(i.RTC_ClearITPendingBit)
    i.RTC_EnterConfigMode                    0x080018d8   Section        0  stm32f10x_rtc.o(i.RTC_EnterConfigMode)
    i.RTC_ExitConfigMode                     0x080018ec   Section        0  stm32f10x_rtc.o(i.RTC_ExitConfigMode)
    i.RTC_Get                                0x08001900   Section        0  rtc.o(i.RTC_Get)
    i.RTC_GetCounter                         0x080019fc   Section        0  stm32f10x_rtc.o(i.RTC_GetCounter)
    i.RTC_GetFlagStatus                      0x08001a10   Section        0  stm32f10x_rtc.o(i.RTC_GetFlagStatus)
    i.RTC_GetTime                            0x08001a28   Section        0  rtc.o(i.RTC_GetTime)
    i.RTC_Get_Week                           0x08001a48   Section        0  rtc.o(i.RTC_Get_Week)
    i.RTC_IRQHandler                         0x08001ac0   Section        0  rtc.o(i.RTC_IRQHandler)
    i.RTC_ITConfig                           0x08001aec   Section        0  stm32f10x_rtc.o(i.RTC_ITConfig)
    i.RTC_Init                               0x08001b0c   Section        0  rtc.o(i.RTC_Init)
    i.RTC_NVIC_Config                        0x08001bdc   Section        0  rtc.o(i.RTC_NVIC_Config)
    RTC_NVIC_Config                          0x08001bdd   Thumb Code    32  rtc.o(i.RTC_NVIC_Config)
    i.RTC_Set                                0x08001bfc   Section        0  rtc.o(i.RTC_Set)
    i.RTC_SetCounter                         0x08001cc4   Section        0  stm32f10x_rtc.o(i.RTC_SetCounter)
    i.RTC_SetPrescaler                       0x08001ce0   Section        0  stm32f10x_rtc.o(i.RTC_SetPrescaler)
    i.RTC_WaitForLastTask                    0x08001d00   Section        0  stm32f10x_rtc.o(i.RTC_WaitForLastTask)
    i.RTC_WaitForSynchro                     0x08001d14   Section        0  stm32f10x_rtc.o(i.RTC_WaitForSynchro)
    i.SVC_Handler                            0x08001d38   Section        0  stm32f10x_it.o(i.SVC_Handler)
    i.SetData                                0x08001d3c   Section        0  oled.o(i.SetData)
    i.SetSysClock                            0x08001dc8   Section        0  system_stm32f10x.o(i.SetSysClock)
    SetSysClock                              0x08001dc9   Thumb Code     8  system_stm32f10x.o(i.SetSysClock)
    i.SetSysClockTo72                        0x08001dd0   Section        0  system_stm32f10x.o(i.SetSysClockTo72)
    SetSysClockTo72                          0x08001dd1   Thumb Code   214  system_stm32f10x.o(i.SetSysClockTo72)
    i.SetTime                                0x08001eb0   Section        0  page.o(i.SetTime)
    i.ShowPage                               0x080020c0   Section        0  page.o(i.ShowPage)
    i.SnakeMove                              0x080020f4   Section        0  snake.o(i.SnakeMove)
    i.Snake_Init                             0x080021f4   Section        0  snake.o(i.Snake_Init)
    i.SysTick_CLKSourceConfig                0x08002262   Section        0  misc.o(i.SysTick_CLKSourceConfig)
    i.SysTick_Handler                        0x0800228a   Section        0  stm32f10x_it.o(i.SysTick_Handler)
    i.SystemInit                             0x0800228c   Section        0  system_stm32f10x.o(i.SystemInit)
    i.TIM3_IRQHandler                        0x080022ec   Section        0  timer.o(i.TIM3_IRQHandler)
    i.TIM3_Int_Init                          0x08002484   Section        0  timer.o(i.TIM3_Int_Init)
    i.TIM_ClearITPendingBit                  0x080024e4   Section        0  stm32f10x_tim.o(i.TIM_ClearITPendingBit)
    i.TIM_Cmd                                0x080024ea   Section        0  stm32f10x_tim.o(i.TIM_Cmd)
    i.TIM_GetITStatus                        0x08002502   Section        0  stm32f10x_tim.o(i.TIM_GetITStatus)
    i.TIM_ITConfig                           0x08002524   Section        0  stm32f10x_tim.o(i.TIM_ITConfig)
    i.TIM_TimeBaseInit                       0x08002538   Section        0  stm32f10x_tim.o(i.TIM_TimeBaseInit)
    i.USART1_IRQHandler                      0x080025dc   Section        0  uart.o(i.USART1_IRQHandler)
    i.USART_Cmd                              0x08002678   Section        0  stm32f10x_usart.o(i.USART_Cmd)
    i.USART_GetITStatus                      0x08002690   Section        0  stm32f10x_usart.o(i.USART_GetITStatus)
    i.USART_ITConfig                         0x080026e4   Section        0  stm32f10x_usart.o(i.USART_ITConfig)
    i.USART_Init                             0x08002730   Section        0  stm32f10x_usart.o(i.USART_Init)
    i.USART_ReceiveData                      0x08002808   Section        0  stm32f10x_usart.o(i.USART_ReceiveData)
    i.UsageFault_Handler                     0x08002812   Section        0  stm32f10x_it.o(i.UsageFault_Handler)
    i.XY_Off                                 0x08002818   Section        0  oled.o(i.XY_Off)
    i.XY_On                                  0x080028b0   Section        0  oled.o(i.XY_On)
    i.__scatterload_copy                     0x08002948   Section       14  handlers.o(i.__scatterload_copy)
    i.__scatterload_null                     0x08002956   Section        2  handlers.o(i.__scatterload_null)
    i.__scatterload_zeroinit                 0x08002958   Section       14  handlers.o(i.__scatterload_zeroinit)
    i.delay_init                             0x08002968   Section        0  delay.o(i.delay_init)
    i.delay_ms                               0x080029ac   Section        0  delay.o(i.delay_ms)
    i.free                                   0x080029f8   Section        0  malloc.o(i.free)
    i.lost                                   0x08002a48   Section        0  snake.o(i.lost)
    i.main                                   0x08002adc   Section        0  main.o(i.main)
    i.malloc                                 0x08002bf4   Section        0  malloc.o(i.malloc)
    i.oled_pow                               0x08002c60   Section        0  oled.o(i.oled_pow)
    i.uart_init                              0x08002c78   Section        0  uart.o(i.uart_init)
    .constdata                               0x08002d18   Section     2872  oled.o(.constdata)
    .constdata                               0x08003850   Section       24  rtc.o(.constdata)
    .data                                    0x20000000   Section        1  main.o(.data)
    .data                                    0x20000004   Section       20  system_stm32f10x.o(.data)
    .data                                    0x20000018   Section        4  delay.o(.data)
    fac_us                                   0x20000018   Data           1  delay.o(.data)
    fac_ms                                   0x2000001a   Data           2  delay.o(.data)
    .data                                    0x2000001c   Section       20  stm32f10x_rcc.o(.data)
    APBAHBPrescTable                         0x2000001c   Data          16  stm32f10x_rcc.o(.data)
    ADCPrescTable                            0x2000002c   Data           4  stm32f10x_rcc.o(.data)
    .data                                    0x20000030   Section        1  key.o(.data)
    key_up                                   0x20000030   Data           1  key.o(.data)
    .data                                    0x20000034   Section       10  uart.o(.data)
    .data                                    0x20000040   Section       14  timer.o(.data)
    ps2_flag                                 0x2000004c   Data           1  timer.o(.data)
    .data                                    0x2000004e   Section        5  rtc.o(.data)
    daycnt                                   0x2000004e   Data           2  rtc.o(.data)
    time                                     0x20000050   Data           3  rtc.o(.data)
    .data                                    0x20000053   Section       13  page.o(.data)
    pageID                                   0x20000053   Data           1  page.o(.data)
    .data                                    0x20000060   Section        6  remote.o(.data)
    .data                                    0x20000068   Section        4  mvars.o(.data)
    .data                                    0x2000006c   Section        4  mvars.o(.data)
    .bss                                     0x20000070   Section       28  main.o(.bss)
    .bss                                     0x2000008c   Section      200  uart.o(.bss)
    .bss                                     0x20000154   Section     1024  oled.o(.bss)
    .bss                                     0x20000554   Section       12  rtc.o(.bss)
    .bss                                     0x20000560   Section       40  remote.o(.bss)
    HEAP                                     0x20000588   Section      512  startup_stm32f10x_hd.o(HEAP)
    STACK                                    0x20000788   Section     1024  startup_stm32f10x_hd.o(STACK)

    Global Symbols

    Symbol Name                              Value     Ov Type        Size  Object(Section)

    BuildAttributes$$THM_ISAv4$P$D$K$B$S$PE$A:L22UL41UL21$X:L11$S22US41US21$IEEE1$IW$USESV6$~STKCKD$USESV7$~SHL$OTIME$ROPI$EBA8$MICROLIB$REQ8$PRES8$EABIv2 0x00000000   Number         0  anon$$obj.o ABSOLUTE
    __ARM_use_no_argv                        0x00000000   Number         0  main.o ABSOLUTE
    __use_no_errno                           0x00000000   Number         0  useno.o ABSOLUTE
    __use_no_exception_handling              0x00000000   Number         0  useno.o ABSOLUTE
    __use_no_fp                              0x00000000   Number         0  useno.o ABSOLUTE
    __use_no_heap                            0x00000000   Number         0  useno.o ABSOLUTE
    __use_no_heap_region                     0x00000000   Number         0  useno.o ABSOLUTE
    __use_no_semihosting                     0x00000000   Number         0  useno.o ABSOLUTE
    __use_no_semihosting_swi                 0x00000000   Number         0  useno.o ABSOLUTE
    __use_no_signal_handling                 0x00000000   Number         0  useno.o ABSOLUTE
    __cpp_initialize__aeabi_                  - Undefined Weak Reference
    __cxa_finalize                            - Undefined Weak Reference
    __decompress                              - Undefined Weak Reference
    _clock_init                               - Undefined Weak Reference
    _microlib_exit                            - Undefined Weak Reference
    __Vectors_Size                           0x00000130   Number         0  startup_stm32f10x_hd.o ABSOLUTE
    __Vectors                                0x08000000   Data           4  startup_stm32f10x_hd.o(RESET)
    __Vectors_End                            0x08000130   Data           0  startup_stm32f10x_hd.o(RESET)
    __main                                   0x08000131   Thumb Code     0  entry.o(.ARM.Collect$$$$00000000)
    _main_stk                                0x08000131   Thumb Code     0  entry2.o(.ARM.Collect$$$$00000001)
    _main_scatterload                        0x08000135   Thumb Code     0  entry5.o(.ARM.Collect$$$$00000004)
    __main_after_scatterload                 0x08000139   Thumb Code     0  entry5.o(.ARM.Collect$$$$00000004)
    _main_clock                              0x08000139   Thumb Code     0  entry7b.o(.ARM.Collect$$$$00000008)
    _main_cpp_init                           0x08000139   Thumb Code     0  entry8b.o(.ARM.Collect$$$$0000000A)
    _main_init                               0x08000139   Thumb Code     0  entry9a.o(.ARM.Collect$$$$0000000B)
    __rt_final_cpp                           0x08000141   Thumb Code     0  entry10a.o(.ARM.Collect$$$$0000000D)
    __rt_final_exit                          0x08000141   Thumb Code     0  entry11a.o(.ARM.Collect$$$$0000000F)
    Reset_Handler                            0x08000145   Thumb Code     8  startup_stm32f10x_hd.o(.text)
    ADC1_2_IRQHandler                        0x0800015f   Thumb Code     0  startup_stm32f10x_hd.o(.text)
    ADC3_IRQHandler                          0x0800015f   Thumb Code     0  startup_stm32f10x_hd.o(.text)
    CAN1_RX1_IRQHandler                      0x0800015f   Thumb Code     0  startup_stm32f10x_hd.o(.text)
    CAN1_SCE_IRQHandler                      0x0800015f   Thumb Code     0  startup_stm32f10x_hd.o(.text)
    DMA1_Channel1_IRQHandler                 0x0800015f   Thumb Code     0  startup_stm32f10x_hd.o(.text)
    DMA1_Channel2_IRQHandler                 0x0800015f   Thumb Code     0  startup_stm32f10x_hd.o(.text)
    DMA1_Channel3_IRQHandler                 0x0800015f   Thumb Code     0  startup_stm32f10x_hd.o(.text)
    DMA1_Channel4_IRQHandler                 0x0800015f   Thumb Code     0  startup_stm32f10x_hd.o(.text)
    DMA1_Channel5_IRQHandler                 0x0800015f   Thumb Code     0  startup_stm32f10x_hd.o(.text)
    DMA1_Channel6_IRQHandler                 0x0800015f   Thumb Code     0  startup_stm32f10x_hd.o(.text)
    DMA1_Channel7_IRQHandler                 0x0800015f   Thumb Code     0  startup_stm32f10x_hd.o(.text)
    DMA2_Channel1_IRQHandler                 0x0800015f   Thumb Code     0  startup_stm32f10x_hd.o(.text)
    DMA2_Channel2_IRQHandler                 0x0800015f   Thumb Code     0  startup_stm32f10x_hd.o(.text)
    DMA2_Channel3_IRQHandler                 0x0800015f   Thumb Code     0  startup_stm32f10x_hd.o(.text)
    DMA2_Channel4_5_IRQHandler               0x0800015f   Thumb Code     0  startup_stm32f10x_hd.o(.text)
    EXTI0_IRQHandler                         0x0800015f   Thumb Code     0  startup_stm32f10x_hd.o(.text)
    EXTI15_10_IRQHandler                     0x0800015f   Thumb Code     0  startup_stm32f10x_hd.o(.text)
    EXTI1_IRQHandler                         0x0800015f   Thumb Code     0  startup_stm32f10x_hd.o(.text)
    EXTI2_IRQHandler                         0x0800015f   Thumb Code     0  startup_stm32f10x_hd.o(.text)
    EXTI3_IRQHandler                         0x0800015f   Thumb Code     0  startup_stm32f10x_hd.o(.text)
    EXTI4_IRQHandler                         0x0800015f   Thumb Code     0  startup_stm32f10x_hd.o(.text)
    EXTI9_5_IRQHandler                       0x0800015f   Thumb Code     0  startup_stm32f10x_hd.o(.text)
    FLASH_IRQHandler                         0x0800015f   Thumb Code     0  startup_stm32f10x_hd.o(.text)
    FSMC_IRQHandler                          0x0800015f   Thumb Code     0  startup_stm32f10x_hd.o(.text)
    I2C1_ER_IRQHandler                       0x0800015f   Thumb Code     0  startup_stm32f10x_hd.o(.text)
    I2C1_EV_IRQHandler                       0x0800015f   Thumb Code     0  startup_stm32f10x_hd.o(.text)
    I2C2_ER_IRQHandler                       0x0800015f   Thumb Code     0  startup_stm32f10x_hd.o(.text)
    I2C2_EV_IRQHandler                       0x0800015f   Thumb Code     0  startup_stm32f10x_hd.o(.text)
    PVD_IRQHandler                           0x0800015f   Thumb Code     0  startup_stm32f10x_hd.o(.text)
    RCC_IRQHandler                           0x0800015f   Thumb Code     0  startup_stm32f10x_hd.o(.text)
    RTCAlarm_IRQHandler                      0x0800015f   Thumb Code     0  startup_stm32f10x_hd.o(.text)
    SDIO_IRQHandler                          0x0800015f   Thumb Code     0  startup_stm32f10x_hd.o(.text)
    SPI1_IRQHandler                          0x0800015f   Thumb Code     0  startup_stm32f10x_hd.o(.text)
    SPI2_IRQHandler                          0x0800015f   Thumb Code     0  startup_stm32f10x_hd.o(.text)
    SPI3_IRQHandler                          0x0800015f   Thumb Code     0  startup_stm32f10x_hd.o(.text)
    TAMPER_IRQHandler                        0x0800015f   Thumb Code     0  startup_stm32f10x_hd.o(.text)
    TIM1_BRK_IRQHandler                      0x0800015f   Thumb Code     0  startup_stm32f10x_hd.o(.text)
    TIM1_CC_IRQHandler                       0x0800015f   Thumb Code     0  startup_stm32f10x_hd.o(.text)
    TIM1_TRG_COM_IRQHandler                  0x0800015f   Thumb Code     0  startup_stm32f10x_hd.o(.text)
    TIM1_UP_IRQHandler                       0x0800015f   Thumb Code     0  startup_stm32f10x_hd.o(.text)
    TIM2_IRQHandler                          0x0800015f   Thumb Code     0  startup_stm32f10x_hd.o(.text)
    TIM4_IRQHandler                          0x0800015f   Thumb Code     0  startup_stm32f10x_hd.o(.text)
    TIM5_IRQHandler                          0x0800015f   Thumb Code     0  startup_stm32f10x_hd.o(.text)
    TIM6_IRQHandler                          0x0800015f   Thumb Code     0  startup_stm32f10x_hd.o(.text)
    TIM7_IRQHandler                          0x0800015f   Thumb Code     0  startup_stm32f10x_hd.o(.text)
    TIM8_BRK_IRQHandler                      0x0800015f   Thumb Code     0  startup_stm32f10x_hd.o(.text)
    TIM8_CC_IRQHandler                       0x0800015f   Thumb Code     0  startup_stm32f10x_hd.o(.text)
    TIM8_TRG_COM_IRQHandler                  0x0800015f   Thumb Code     0  startup_stm32f10x_hd.o(.text)
    TIM8_UP_IRQHandler                       0x0800015f   Thumb Code     0  startup_stm32f10x_hd.o(.text)
    UART4_IRQHandler                         0x0800015f   Thumb Code     0  startup_stm32f10x_hd.o(.text)
    UART5_IRQHandler                         0x0800015f   Thumb Code     0  startup_stm32f10x_hd.o(.text)
    USART2_IRQHandler                        0x0800015f   Thumb Code     0  startup_stm32f10x_hd.o(.text)
    USART3_IRQHandler                        0x0800015f   Thumb Code     0  startup_stm32f10x_hd.o(.text)
    USBWakeUp_IRQHandler                     0x0800015f   Thumb Code     0  startup_stm32f10x_hd.o(.text)
    USB_HP_CAN1_TX_IRQHandler                0x0800015f   Thumb Code     0  startup_stm32f10x_hd.o(.text)
    USB_LP_CAN1_RX0_IRQHandler               0x0800015f   Thumb Code     0  startup_stm32f10x_hd.o(.text)
    WWDG_IRQHandler                          0x0800015f   Thumb Code     0  startup_stm32f10x_hd.o(.text)
    __aeabi_fdiv                             0x08000169   Thumb Code   124  fdiv.o(.text)
    __aeabi_dmul                             0x080001e5   Thumb Code   228  dmul.o(.text)
    __aeabi_ui2f                             0x080002c9   Thumb Code    10  ffltui.o(.text)
    __aeabi_d2uiz                            0x080002d3   Thumb Code    50  dfixui.o(.text)
    __aeabi_f2d                              0x08000305   Thumb Code    38  f2d.o(.text)
    __aeabi_llsr                             0x0800032b   Thumb Code    32  llushr.o(.text)
    _ll_ushift_r                             0x0800032b   Thumb Code     0  llushr.o(.text)
    __I$use$fp                               0x0800034b   Thumb Code     0  iusefp.o(.text)
    _float_round                             0x0800034b   Thumb Code    18  fepilogue.o(.text)
    _float_epilogue                          0x0800035d   Thumb Code    92  fepilogue.o(.text)
    _double_round                            0x080003b9   Thumb Code    30  depilogue.o(.text)
    _double_epilogue                         0x080003d7   Thumb Code   156  depilogue.o(.text)
    __scatterload                            0x08000475   Thumb Code    28  init.o(.text)
    __scatterload_rt2                        0x08000475   Thumb Code     0  init.o(.text)
    __aeabi_llsl                             0x08000499   Thumb Code    30  llshl.o(.text)
    _ll_shift_l                              0x08000499   Thumb Code     0  llshl.o(.text)
    ADC_Cmd                                  0x080004b7   Thumb Code    22  stm32f10x_adc.o(i.ADC_Cmd)
    ADC_DMACmd                               0x080004cd   Thumb Code    22  stm32f10x_adc.o(i.ADC_DMACmd)
    ADC_GetCalibrationStatus                 0x080004e3   Thumb Code    20  stm32f10x_adc.o(i.ADC_GetCalibrationStatus)
    ADC_GetResetCalibrationStatus            0x080004f7   Thumb Code    20  stm32f10x_adc.o(i.ADC_GetResetCalibrationStatus)
    ADC_Init                                 0x0800050d   Thumb Code    70  stm32f10x_adc.o(i.ADC_Init)
    ADC_RegularChannelConfig                 0x0800055d   Thumb Code   184  stm32f10x_adc.o(i.ADC_RegularChannelConfig)
    ADC_ResetCalibration                     0x08000615   Thumb Code    10  stm32f10x_adc.o(i.ADC_ResetCalibration)
    ADC_SoftwareStartConvCmd                 0x0800061f   Thumb Code    22  stm32f10x_adc.o(i.ADC_SoftwareStartConvCmd)
    ADC_StartCalibration                     0x08000635   Thumb Code    10  stm32f10x_adc.o(i.ADC_StartCalibration)
    AdcInit                                  0x08000641   Thumb Code   206  remote.o(i.AdcInit)
    BKP_DeInit                               0x08000719   Thumb Code    16  stm32f10x_bkp.o(i.BKP_DeInit)
    BKP_ReadBackupRegister                   0x08000729   Thumb Code    24  stm32f10x_bkp.o(i.BKP_ReadBackupRegister)
    BKP_WriteBackupRegister                  0x08000745   Thumb Code    22  stm32f10x_bkp.o(i.BKP_WriteBackupRegister)
    BusFault_Handler                         0x08000761   Thumb Code     4  stm32f10x_it.o(i.BusFault_Handler)
    CreatFood                                0x08000765   Thumb Code   114  snake.o(i.CreatFood)
    DMAInit                                  0x080007d9   Thumb Code    82  remote.o(i.DMAInit)
    DMA_Cmd                                  0x08000839   Thumb Code    24  stm32f10x_dma.o(i.DMA_Cmd)
    DMA_DeInit                               0x08000851   Thumb Code   324  stm32f10x_dma.o(i.DMA_DeInit)
    DMA_Init                                 0x0800099d   Thumb Code    60  stm32f10x_dma.o(i.DMA_Init)
    DebugMon_Handler                         0x080009d9   Thumb Code     2  stm32f10x_it.o(i.DebugMon_Handler)
    DestroyRear                              0x080009db   Thumb Code    70  snake.o(i.DestroyRear)
    DestroySnake                             0x08000a21   Thumb Code    48  snake.o(i.DestroySnake)
    DrawWall                                 0x08000a51   Thumb Code    52  snake.o(i.DrawWall)
    GPIO_Init                                0x08000a85   Thumb Code   278  stm32f10x_gpio.o(i.GPIO_Init)
    GPIO_ReadInputDataBit                    0x08000b9b   Thumb Code    18  stm32f10x_gpio.o(i.GPIO_ReadInputDataBit)
    GPIO_ResetBits                           0x08000bad   Thumb Code     4  stm32f10x_gpio.o(i.GPIO_ResetBits)
    GPIO_SetBits                             0x08000bb1   Thumb Code     4  stm32f10x_gpio.o(i.GPIO_SetBits)
    GetDirection                             0x08000bb5   Thumb Code     6  timer.o(i.GetDirection)
    GetRandom                                0x08000bc1   Thumb Code    26  timer.o(i.GetRandom)
    HardFault_Handler                        0x08000be1   Thumb Code     4  stm32f10x_it.o(i.HardFault_Handler)
    InsertFront                              0x08000be5   Thumb Code    50  snake.o(i.InsertFront)
    Is_Leap_Year                             0x08000c17   Thumb Code    46  rtc.o(i.Is_Leap_Year)
    KEY_Init                                 0x08000c45   Thumb Code    52  key.o(i.KEY_Init)
    KEY_Scan                                 0x08000c81   Thumb Code   150  key.o(i.KEY_Scan)
    LED_Init                                 0x08000d25   Thumb Code    68  led.o(i.LED_Init)
    MemManage_Handler                        0x08000d71   Thumb Code     4  stm32f10x_it.o(i.MemManage_Handler)
    NMI_Handler                              0x08000d75   Thumb Code     2  stm32f10x_it.o(i.NMI_Handler)
    NVIC_Init                                0x08000d79   Thumb Code   100  misc.o(i.NVIC_Init)
    NVIC_PriorityGroupConfig                 0x08000de9   Thumb Code    10  misc.o(i.NVIC_PriorityGroupConfig)
    OLED_Clear                               0x08000dfd   Thumb Code    64  oled.o(i.OLED_Clear)
    OLED_Init                                0x08000e3d   Thumb Code   314  oled.o(i.OLED_Init)
    OLED_Set_Pos                             0x08000f85   Thumb Code    42  oled.o(i.OLED_Set_Pos)
    OLED_ShowChar                            0x08000fb1   Thumb Code   148  oled.o(i.OLED_ShowChar)
    OLED_ShowChinese                         0x08001049   Thumb Code   150  oled.o(i.OLED_ShowChinese)
    OLED_ShowNum                             0x080010e5   Thumb Code   172  oled.o(i.OLED_ShowNum)
    OLED_ShowString                          0x08001191   Thumb Code    72  oled.o(i.OLED_ShowString)
    OLED_ShowTime                            0x080011d9   Thumb Code   132  oled.o(i.OLED_ShowTime)
    OLED_ShowWord                            0x0800125d   Thumb Code    78  oled.o(i.OLED_ShowWord)
    OLED_WR_Byte                             0x080012ad   Thumb Code   122  oled.o(i.OLED_WR_Byte)
    OLED_WR_Byte2                            0x08001335   Thumb Code   122  oled.o(i.OLED_WR_Byte2)
    PS2_Scan                                 0x080013bd   Thumb Code   148  remote.o(i.PS2_Scan)
    PWR_BackupAccessCmd                      0x08001469   Thumb Code     6  stm32f10x_pwr.o(i.PWR_BackupAccessCmd)
    Page_main                                0x08001475   Thumb Code    44  page.o(i.Page_main)
    PendSV_Handler                           0x080014b9   Thumb Code     2  stm32f10x_it.o(i.PendSV_Handler)
    PlaySnake                                0x080014bd   Thumb Code   536  snake.o(i.PlaySnake)
    RCC_ADCCLKConfig                         0x080016e5   Thumb Code    18  stm32f10x_rcc.o(i.RCC_ADCCLKConfig)
    RCC_AHBPeriphClockCmd                    0x080016fd   Thumb Code    26  stm32f10x_rcc.o(i.RCC_AHBPeriphClockCmd)
    RCC_APB1PeriphClockCmd                   0x0800171d   Thumb Code    26  stm32f10x_rcc.o(i.RCC_APB1PeriphClockCmd)
    RCC_APB2PeriphClockCmd                   0x0800173d   Thumb Code    26  stm32f10x_rcc.o(i.RCC_APB2PeriphClockCmd)
    RCC_BackupResetCmd                       0x0800175d   Thumb Code     6  stm32f10x_rcc.o(i.RCC_BackupResetCmd)
    RCC_GetClocksFreq                        0x08001769   Thumb Code   192  stm32f10x_rcc.o(i.RCC_GetClocksFreq)
    RCC_GetFlagStatus                        0x0800183d   Thumb Code    56  stm32f10x_rcc.o(i.RCC_GetFlagStatus)
    RCC_LSEConfig                            0x08001879   Thumb Code    46  stm32f10x_rcc.o(i.RCC_LSEConfig)
    RCC_RTCCLKCmd                            0x080018ad   Thumb Code     6  stm32f10x_rcc.o(i.RCC_RTCCLKCmd)
    RCC_RTCCLKConfig                         0x080018b9   Thumb Code    12  stm32f10x_rcc.o(i.RCC_RTCCLKConfig)
    RTC_ClearITPendingBit                    0x080018c9   Thumb Code    12  stm32f10x_rtc.o(i.RTC_ClearITPendingBit)
    RTC_EnterConfigMode                      0x080018d9   Thumb Code    14  stm32f10x_rtc.o(i.RTC_EnterConfigMode)
    RTC_ExitConfigMode                       0x080018ed   Thumb Code    16  stm32f10x_rtc.o(i.RTC_ExitConfigMode)
    RTC_Get                                  0x08001901   Thumb Code   236  rtc.o(i.RTC_Get)
    RTC_GetCounter                           0x080019fd   Thumb Code    16  stm32f10x_rtc.o(i.RTC_GetCounter)
    RTC_GetFlagStatus                        0x08001a11   Thumb Code    20  stm32f10x_rtc.o(i.RTC_GetFlagStatus)
    RTC_GetTime                              0x08001a29   Thumb Code    24  rtc.o(i.RTC_GetTime)
    RTC_Get_Week                             0x08001a49   Thumb Code   116  rtc.o(i.RTC_Get_Week)
    RTC_IRQHandler                           0x08001ac1   Thumb Code    44  rtc.o(i.RTC_IRQHandler)
    RTC_ITConfig                             0x08001aed   Thumb Code    26  stm32f10x_rtc.o(i.RTC_ITConfig)
    RTC_Init                                 0x08001b0d   Thumb Code   202  rtc.o(i.RTC_Init)
    RTC_Set                                  0x08001bfd   Thumb Code   184  rtc.o(i.RTC_Set)
    RTC_SetCounter                           0x08001cc5   Thumb Code    24  stm32f10x_rtc.o(i.RTC_SetCounter)
    RTC_SetPrescaler                         0x08001ce1   Thumb Code    26  stm32f10x_rtc.o(i.RTC_SetPrescaler)
    RTC_WaitForLastTask                      0x08001d01   Thumb Code    16  stm32f10x_rtc.o(i.RTC_WaitForLastTask)
    RTC_WaitForSynchro                       0x08001d15   Thumb Code    30  stm32f10x_rtc.o(i.RTC_WaitForSynchro)
    SVC_Handler                              0x08001d39   Thumb Code     2  stm32f10x_it.o(i.SVC_Handler)
    SetData                                  0x08001d3d   Thumb Code   134  oled.o(i.SetData)
    SetTime                                  0x08001eb1   Thumb Code   494  page.o(i.SetTime)
    ShowPage                                 0x080020c1   Thumb Code    50  page.o(i.ShowPage)
    SnakeMove                                0x080020f5   Thumb Code   250  snake.o(i.SnakeMove)
    Snake_Init                               0x080021f5   Thumb Code   110  snake.o(i.Snake_Init)
    SysTick_CLKSourceConfig                  0x08002263   Thumb Code    40  misc.o(i.SysTick_CLKSourceConfig)
    SysTick_Handler                          0x0800228b   Thumb Code     2  stm32f10x_it.o(i.SysTick_Handler)
    SystemInit                               0x0800228d   Thumb Code    78  system_stm32f10x.o(i.SystemInit)
    TIM3_IRQHandler                          0x080022ed   Thumb Code   372  timer.o(i.TIM3_IRQHandler)
    TIM3_Int_Init                            0x08002485   Thumb Code    90  timer.o(i.TIM3_Int_Init)
    TIM_ClearITPendingBit                    0x080024e5   Thumb Code     6  stm32f10x_tim.o(i.TIM_ClearITPendingBit)
    TIM_Cmd                                  0x080024eb   Thumb Code    24  stm32f10x_tim.o(i.TIM_Cmd)
    TIM_GetITStatus                          0x08002503   Thumb Code    34  stm32f10x_tim.o(i.TIM_GetITStatus)
    TIM_ITConfig                             0x08002525   Thumb Code    18  stm32f10x_tim.o(i.TIM_ITConfig)
    TIM_TimeBaseInit                         0x08002539   Thumb Code   122  stm32f10x_tim.o(i.TIM_TimeBaseInit)
    USART1_IRQHandler                        0x080025dd   Thumb Code   136  uart.o(i.USART1_IRQHandler)
    USART_Cmd                                0x08002679   Thumb Code    24  stm32f10x_usart.o(i.USART_Cmd)
    USART_GetITStatus                        0x08002691   Thumb Code    84  stm32f10x_usart.o(i.USART_GetITStatus)
    USART_ITConfig                           0x080026e5   Thumb Code    74  stm32f10x_usart.o(i.USART_ITConfig)
    USART_Init                               0x08002731   Thumb Code   210  stm32f10x_usart.o(i.USART_Init)
    USART_ReceiveData                        0x08002809   Thumb Code    10  stm32f10x_usart.o(i.USART_ReceiveData)
    UsageFault_Handler                       0x08002813   Thumb Code     4  stm32f10x_it.o(i.UsageFault_Handler)
    XY_Off                                   0x08002819   Thumb Code   146  oled.o(i.XY_Off)
    XY_On                                    0x080028b1   Thumb Code   146  oled.o(i.XY_On)
    __scatterload_copy                       0x08002949   Thumb Code    14  handlers.o(i.__scatterload_copy)
    __scatterload_null                       0x08002957   Thumb Code     2  handlers.o(i.__scatterload_null)
    __scatterload_zeroinit                   0x08002959   Thumb Code    14  handlers.o(i.__scatterload_zeroinit)
    delay_init                               0x08002969   Thumb Code    50  delay.o(i.delay_init)
    delay_ms                                 0x080029ad   Thumb Code    72  delay.o(i.delay_ms)
    free                                     0x080029f9   Thumb Code    76  malloc.o(i.free)
    lost                                     0x08002a49   Thumb Code   146  snake.o(i.lost)
    main                                     0x08002add   Thumb Code   250  main.o(i.main)
    malloc                                   0x08002bf5   Thumb Code    92  malloc.o(i.malloc)
    oled_pow                                 0x08002c61   Thumb Code    22  oled.o(i.oled_pow)
    uart_init                                0x08002c79   Thumb Code   152  uart.o(i.uart_init)
    F6x8                                     0x08002d18   Data         552  oled.o(.constdata)
    str                                      0x08002f40   Data         800  oled.o(.constdata)
    F8X16                                    0x08003260   Data        1520  oled.o(.constdata)
    table_week                               0x08003850   Data          12  rtc.o(.constdata)
    mon_table                                0x0800385c   Data          12  rtc.o(.constdata)
    Region$$Table$$Base                      0x08003868   Number         0  anon$$obj.o(Region$$Table)
    Region$$Table$$Limit                     0x08003888   Number         0  anon$$obj.o(Region$$Table)
    key2                                     0x20000000   Data           1  main.o(.data)
    SystemCoreClock                          0x20000004   Data           4  system_stm32f10x.o(.data)
    AHBPrescTable                            0x20000008   Data          16  system_stm32f10x.o(.data)
    result                                   0x20000034   Data           1  uart.o(.data)
    __stdout                                 0x20000038   Data           4  uart.o(.data)
    USART_RX_STA                             0x2000003c   Data           2  uart.o(.data)
    key                                      0x20000040   Data           1  timer.o(.data)
    flag                                     0x20000041   Data           1  timer.o(.data)
    count2                                   0x20000042   Data           1  timer.o(.data)
    count                                    0x20000043   Data           1  timer.o(.data)
    direc                                    0x20000044   Data           1  timer.o(.data)
    old                                      0x20000045   Data           1  timer.o(.data)
    ps2_val                                  0x20000048   Data           4  timer.o(.data)
    frame_cnt                                0x2000004d   Data           1  timer.o(.data)
    tx                                       0x20000054   Data           4  page.o(.data)
    X                                        0x20000058   Data           2  page.o(.data)
    Y                                        0x2000005a   Data           2  page.o(.data)
    Num                                      0x2000005c   Data           2  page.o(.data)
    Num2                                     0x2000005e   Data           2  page.o(.data)
    ps2                                      0x20000060   Data           6  remote.o(.data)
    __microlib_freelist                      0x20000068   Data           4  mvars.o(.data)
    __microlib_freelist_initialised          0x2000006c   Data           4  mvars.o(.data)
    pageMain                                 0x20000070   Data          28  main.o(.bss)
    USART_RX_BUF                             0x2000008c   Data         200  uart.o(.bss)
    OLED_da                                  0x20000154   Data        1024  oled.o(.bss)
    calendar                                 0x20000554   Data          12  rtc.o(.bss)
    ADCConvertedValue                        0x20000560   Data          40  remote.o(.bss)
    __heap_base                              0x20000588   Data           0  startup_stm32f10x_hd.o(HEAP)
    __heap_limit                             0x20000788   Data           0  startup_stm32f10x_hd.o(HEAP)
    __initial_sp                             0x20000b88   Data           0  startup_stm32f10x_hd.o(STACK)



==============================================================================

Memory Map of the image

  Image Entry point : 0x08000145

  Load Region LR_1 (Base: 0x08000000, Size: 0x000038f8, Max: 0xffffffff, ABSOLUTE)

    Execution Region ER_RO (Exec base: 0x08000000, Load base: 0x08000000, Size: 0x00003888, Max: 0xffffffff, ABSOLUTE)

    Exec Addr    Load Addr    Size         Type   Attr      Idx    E Section Name        Object

    0x08000000   0x08000000   0x00000130   Data   RO          338    RESET               startup_stm32f10x_hd.o
    0x08000130   0x08000130   0x00000000   Code   RO         3726  * .ARM.Collect$$$$00000000  mc_w.l(entry.o)
    0x08000130   0x08000130   0x00000004   Code   RO         3767    .ARM.Collect$$$$00000001  mc_w.l(entry2.o)
    0x08000134   0x08000134   0x00000004   Code   RO         3770    .ARM.Collect$$$$00000004  mc_w.l(entry5.o)
    0x08000138   0x08000138   0x00000000   Code   RO         3772    .ARM.Collect$$$$00000008  mc_w.l(entry7b.o)
    0x08000138   0x08000138   0x00000000   Code   RO         3774    .ARM.Collect$$$$0000000A  mc_w.l(entry8b.o)
    0x08000138   0x08000138   0x00000008   Code   RO         3775    .ARM.Collect$$$$0000000B  mc_w.l(entry9a.o)
    0x08000140   0x08000140   0x00000000   Code   RO         3777    .ARM.Collect$$$$0000000D  mc_w.l(entry10a.o)
    0x08000140   0x08000140   0x00000000   Code   RO         3779    .ARM.Collect$$$$0000000F  mc_w.l(entry11a.o)
    0x08000140   0x08000140   0x00000004   Code   RO         3768    .ARM.Collect$$$$00002712  mc_w.l(entry2.o)
    0x08000144   0x08000144   0x00000024   Code   RO          339  * .text               startup_stm32f10x_hd.o
    0x08000168   0x08000168   0x0000007c   Code   RO         3757    .text               mf_w.l(fdiv.o)
    0x080001e4   0x080001e4   0x000000e4   Code   RO         3759    .text               mf_w.l(dmul.o)
    0x080002c8   0x080002c8   0x0000000a   Code   RO         3761    .text               mf_w.l(ffltui.o)
    0x080002d2   0x080002d2   0x00000032   Code   RO         3763    .text               mf_w.l(dfixui.o)
    0x08000304   0x08000304   0x00000026   Code   RO         3765    .text               mf_w.l(f2d.o)
    0x0800032a   0x0800032a   0x00000020   Code   RO         3781    .text               mc_w.l(llushr.o)
    0x0800034a   0x0800034a   0x00000000   Code   RO         3789    .text               mc_w.l(iusefp.o)
    0x0800034a   0x0800034a   0x0000006e   Code   RO         3790    .text               mf_w.l(fepilogue.o)
    0x080003b8   0x080003b8   0x000000ba   Code   RO         3792    .text               mf_w.l(depilogue.o)
    0x08000472   0x08000472   0x00000002   PAD
    0x08000474   0x08000474   0x00000024   Code   RO         3794    .text               mc_w.l(init.o)
    0x08000498   0x08000498   0x0000001e   Code   RO         3796    .text               mc_w.l(llshl.o)
    0x080004b6   0x080004b6   0x00000016   Code   RO          385    i.ADC_Cmd           stm32f10x_adc.o
    0x080004cc   0x080004cc   0x00000016   Code   RO          386    i.ADC_DMACmd        stm32f10x_adc.o
    0x080004e2   0x080004e2   0x00000014   Code   RO          393    i.ADC_GetCalibrationStatus  stm32f10x_adc.o
    0x080004f6   0x080004f6   0x00000014   Code   RO          399    i.ADC_GetResetCalibrationStatus  stm32f10x_adc.o
    0x0800050a   0x0800050a   0x00000002   PAD
    0x0800050c   0x0800050c   0x00000050   Code   RO          403    i.ADC_Init          stm32f10x_adc.o
    0x0800055c   0x0800055c   0x000000b8   Code   RO          407    i.ADC_RegularChannelConfig  stm32f10x_adc.o
    0x08000614   0x08000614   0x0000000a   Code   RO          408    i.ADC_ResetCalibration  stm32f10x_adc.o
    0x0800061e   0x0800061e   0x00000016   Code   RO          410    i.ADC_SoftwareStartConvCmd  stm32f10x_adc.o
    0x08000634   0x08000634   0x0000000a   Code   RO          412    i.ADC_StartCalibration  stm32f10x_adc.o
    0x0800063e   0x0800063e   0x00000002   PAD
    0x08000640   0x08000640   0x000000d8   Code   RO         3698    i.AdcInit           remote.o
    0x08000718   0x08000718   0x00000010   Code   RO          603    i.BKP_DeInit        stm32f10x_bkp.o
    0x08000728   0x08000728   0x0000001c   Code   RO          608    i.BKP_ReadBackupRegister  stm32f10x_bkp.o
    0x08000744   0x08000744   0x0000001c   Code   RO          612    i.BKP_WriteBackupRegister  stm32f10x_bkp.o
    0x08000760   0x08000760   0x00000004   Code   RO          148    i.BusFault_Handler  stm32f10x_it.o
    0x08000764   0x08000764   0x00000072   Code   RO         3537    i.CreatFood         snake.o
    0x080007d6   0x080007d6   0x00000002   PAD
    0x080007d8   0x080007d8   0x00000060   Code   RO         3699    i.DMAInit           remote.o
    0x08000838   0x08000838   0x00000018   Code   RO         1070    i.DMA_Cmd           stm32f10x_dma.o
    0x08000850   0x08000850   0x0000014c   Code   RO         1071    i.DMA_DeInit        stm32f10x_dma.o
    0x0800099c   0x0800099c   0x0000003c   Code   RO         1076    i.DMA_Init          stm32f10x_dma.o
    0x080009d8   0x080009d8   0x00000002   Code   RO          149    i.DebugMon_Handler  stm32f10x_it.o
    0x080009da   0x080009da   0x00000046   Code   RO         3538    i.DestroyRear       snake.o
    0x08000a20   0x08000a20   0x00000030   Code   RO         3539    i.DestroySnake      snake.o
    0x08000a50   0x08000a50   0x00000034   Code   RO         3540    i.DrawWall          snake.o
    0x08000a84   0x08000a84   0x00000116   Code   RO         1494    i.GPIO_Init         stm32f10x_gpio.o
    0x08000b9a   0x08000b9a   0x00000012   Code   RO         1498    i.GPIO_ReadInputDataBit  stm32f10x_gpio.o
    0x08000bac   0x08000bac   0x00000004   Code   RO         1501    i.GPIO_ResetBits    stm32f10x_gpio.o
    0x08000bb0   0x08000bb0   0x00000004   Code   RO         1502    i.GPIO_SetBits      stm32f10x_gpio.o
    0x08000bb4   0x08000bb4   0x0000000c   Code   RO         3382    i.GetDirection      timer.o
    0x08000bc0   0x08000bc0   0x00000020   Code   RO         3383    i.GetRandom         timer.o
    0x08000be0   0x08000be0   0x00000004   Code   RO          150    i.HardFault_Handler  stm32f10x_it.o
    0x08000be4   0x08000be4   0x00000032   Code   RO         3541    i.InsertFront       snake.o
    0x08000c16   0x08000c16   0x0000002e   Code   RO         3600    i.Is_Leap_Year      rtc.o
    0x08000c44   0x08000c44   0x0000003c   Code   RO         3322    i.KEY_Init          key.o
    0x08000c80   0x08000c80   0x000000a4   Code   RO         3323    i.KEY_Scan          key.o
    0x08000d24   0x08000d24   0x0000004c   Code   RO         3310    i.LED_Init          led.o
    0x08000d70   0x08000d70   0x00000004   Code   RO          151    i.MemManage_Handler  stm32f10x_it.o
    0x08000d74   0x08000d74   0x00000002   Code   RO          152    i.NMI_Handler       stm32f10x_it.o
    0x08000d76   0x08000d76   0x00000002   PAD
    0x08000d78   0x08000d78   0x00000070   Code   RO          343    i.NVIC_Init         misc.o
    0x08000de8   0x08000de8   0x00000014   Code   RO          344    i.NVIC_PriorityGroupConfig  misc.o
    0x08000dfc   0x08000dfc   0x00000040   Code   RO         3422    i.OLED_Clear        oled.o
    0x08000e3c   0x08000e3c   0x00000148   Code   RO         3425    i.OLED_Init         oled.o
    0x08000f84   0x08000f84   0x0000002a   Code   RO         3426    i.OLED_Set_Pos      oled.o
    0x08000fae   0x08000fae   0x00000002   PAD
    0x08000fb0   0x08000fb0   0x00000098   Code   RO         3427    i.OLED_ShowChar     oled.o
    0x08001048   0x08001048   0x0000009c   Code   RO         3428    i.OLED_ShowChinese  oled.o
    0x080010e4   0x080010e4   0x000000ac   Code   RO         3429    i.OLED_ShowNum      oled.o
    0x08001190   0x08001190   0x00000048   Code   RO         3430    i.OLED_ShowString   oled.o
    0x080011d8   0x080011d8   0x00000084   Code   RO         3431    i.OLED_ShowTime     oled.o
    0x0800125c   0x0800125c   0x0000004e   Code   RO         3432    i.OLED_ShowWord     oled.o
    0x080012aa   0x080012aa   0x00000002   PAD
    0x080012ac   0x080012ac   0x00000088   Code   RO         3433    i.OLED_WR_Byte      oled.o
    0x08001334   0x08001334   0x00000088   Code   RO         3434    i.OLED_WR_Byte2     oled.o
    0x080013bc   0x080013bc   0x000000ac   Code   RO         3700    i.PS2_Scan          remote.o
    0x08001468   0x08001468   0x0000000c   Code   RO         1848    i.PWR_BackupAccessCmd  stm32f10x_pwr.o
    0x08001474   0x08001474   0x00000044   Code   RO         3667    i.Page_main         page.o
    0x080014b8   0x080014b8   0x00000002   Code   RO          153    i.PendSV_Handler    stm32f10x_it.o
    0x080014ba   0x080014ba   0x00000002   PAD
    0x080014bc   0x080014bc   0x00000228   Code   RO         3542    i.PlaySnake         snake.o
    0x080016e4   0x080016e4   0x00000018   Code   RO         1908    i.RCC_ADCCLKConfig  stm32f10x_rcc.o
    0x080016fc   0x080016fc   0x00000020   Code   RO         1909    i.RCC_AHBPeriphClockCmd  stm32f10x_rcc.o
    0x0800171c   0x0800171c   0x00000020   Code   RO         1910    i.RCC_APB1PeriphClockCmd  stm32f10x_rcc.o
    0x0800173c   0x0800173c   0x00000020   Code   RO         1912    i.RCC_APB2PeriphClockCmd  stm32f10x_rcc.o
    0x0800175c   0x0800175c   0x0000000c   Code   RO         1915    i.RCC_BackupResetCmd  stm32f10x_rcc.o
    0x08001768   0x08001768   0x000000d4   Code   RO         1920    i.RCC_GetClocksFreq  stm32f10x_rcc.o
    0x0800183c   0x0800183c   0x0000003c   Code   RO         1921    i.RCC_GetFlagStatus  stm32f10x_rcc.o
    0x08001878   0x08001878   0x00000034   Code   RO         1928    i.RCC_LSEConfig     stm32f10x_rcc.o
    0x080018ac   0x080018ac   0x0000000c   Code   RO         1935    i.RCC_RTCCLKCmd     stm32f10x_rcc.o
    0x080018b8   0x080018b8   0x00000010   Code   RO         1936    i.RCC_RTCCLKConfig  stm32f10x_rcc.o
    0x080018c8   0x080018c8   0x00000010   Code   RO         2109    i.RTC_ClearITPendingBit  stm32f10x_rtc.o
    0x080018d8   0x080018d8   0x00000014   Code   RO         2110    i.RTC_EnterConfigMode  stm32f10x_rtc.o
    0x080018ec   0x080018ec   0x00000014   Code   RO         2111    i.RTC_ExitConfigMode  stm32f10x_rtc.o
    0x08001900   0x08001900   0x000000fc   Code   RO         3602    i.RTC_Get           rtc.o
    0x080019fc   0x080019fc   0x00000014   Code   RO         2112    i.RTC_GetCounter    stm32f10x_rtc.o
    0x08001a10   0x08001a10   0x00000018   Code   RO         2114    i.RTC_GetFlagStatus  stm32f10x_rtc.o
    0x08001a28   0x08001a28   0x00000020   Code   RO         3603    i.RTC_GetTime       rtc.o
    0x08001a48   0x08001a48   0x00000078   Code   RO         3604    i.RTC_Get_Week      rtc.o
    0x08001ac0   0x08001ac0   0x0000002c   Code   RO         3605    i.RTC_IRQHandler    rtc.o
    0x08001aec   0x08001aec   0x00000020   Code   RO         2116    i.RTC_ITConfig      stm32f10x_rtc.o
    0x08001b0c   0x08001b0c   0x000000d0   Code   RO         3606    i.RTC_Init          rtc.o
    0x08001bdc   0x08001bdc   0x00000020   Code   RO         3607    i.RTC_NVIC_Config   rtc.o
    0x08001bfc   0x08001bfc   0x000000c8   Code   RO         3608    i.RTC_Set           rtc.o
    0x08001cc4   0x08001cc4   0x0000001c   Code   RO         2118    i.RTC_SetCounter    stm32f10x_rtc.o
    0x08001ce0   0x08001ce0   0x00000020   Code   RO         2119    i.RTC_SetPrescaler  stm32f10x_rtc.o
    0x08001d00   0x08001d00   0x00000014   Code   RO         2120    i.RTC_WaitForLastTask  stm32f10x_rtc.o
    0x08001d14   0x08001d14   0x00000024   Code   RO         2121    i.RTC_WaitForSynchro  stm32f10x_rtc.o
    0x08001d38   0x08001d38   0x00000002   Code   RO          154    i.SVC_Handler       stm32f10x_it.o
    0x08001d3a   0x08001d3a   0x00000002   PAD
    0x08001d3c   0x08001d3c   0x0000008c   Code   RO         3435    i.SetData           oled.o
    0x08001dc8   0x08001dc8   0x00000008   Code   RO          237    i.SetSysClock       system_stm32f10x.o
    0x08001dd0   0x08001dd0   0x000000e0   Code   RO          238    i.SetSysClockTo72   system_stm32f10x.o
    0x08001eb0   0x08001eb0   0x00000210   Code   RO         3668    i.SetTime           page.o
    0x080020c0   0x080020c0   0x00000032   Code   RO         3669    i.ShowPage          page.o
    0x080020f2   0x080020f2   0x00000002   PAD
    0x080020f4   0x080020f4   0x00000100   Code   RO         3543    i.SnakeMove         snake.o
    0x080021f4   0x080021f4   0x0000006e   Code   RO         3544    i.Snake_Init        snake.o
    0x08002262   0x08002262   0x00000028   Code   RO          347    i.SysTick_CLKSourceConfig  misc.o
    0x0800228a   0x0800228a   0x00000002   Code   RO          155    i.SysTick_Handler   stm32f10x_it.o
    0x0800228c   0x0800228c   0x00000060   Code   RO          240    i.SystemInit        system_stm32f10x.o
    0x080022ec   0x080022ec   0x00000198   Code   RO         3384    i.TIM3_IRQHandler   timer.o
    0x08002484   0x08002484   0x00000060   Code   RO         3385    i.TIM3_Int_Init     timer.o
    0x080024e4   0x080024e4   0x00000006   Code   RO         2539    i.TIM_ClearITPendingBit  stm32f10x_tim.o
    0x080024ea   0x080024ea   0x00000018   Code   RO         2544    i.TIM_Cmd           stm32f10x_tim.o
    0x08002502   0x08002502   0x00000022   Code   RO         2565    i.TIM_GetITStatus   stm32f10x_tim.o
    0x08002524   0x08002524   0x00000012   Code   RO         2569    i.TIM_ITConfig      stm32f10x_tim.o
    0x08002536   0x08002536   0x00000002   PAD
    0x08002538   0x08002538   0x000000a4   Code   RO         2615    i.TIM_TimeBaseInit  stm32f10x_tim.o
    0x080025dc   0x080025dc   0x0000009c   Code   RO         3341    i.USART1_IRQHandler  uart.o
    0x08002678   0x08002678   0x00000018   Code   RO         3080    i.USART_Cmd         stm32f10x_usart.o
    0x08002690   0x08002690   0x00000054   Code   RO         3084    i.USART_GetITStatus  stm32f10x_usart.o
    0x080026e4   0x080026e4   0x0000004a   Code   RO         3086    i.USART_ITConfig    stm32f10x_usart.o
    0x0800272e   0x0800272e   0x00000002   PAD
    0x08002730   0x08002730   0x000000d8   Code   RO         3087    i.USART_Init        stm32f10x_usart.o
    0x08002808   0x08002808   0x0000000a   Code   RO         3094    i.USART_ReceiveData  stm32f10x_usart.o
    0x08002812   0x08002812   0x00000004   Code   RO          156    i.UsageFault_Handler  stm32f10x_it.o
    0x08002816   0x08002816   0x00000002   PAD
    0x08002818   0x08002818   0x00000098   Code   RO         3436    i.XY_Off            oled.o
    0x080028b0   0x080028b0   0x00000098   Code   RO         3437    i.XY_On             oled.o
    0x08002948   0x08002948   0x0000000e   Code   RO         3800    i.__scatterload_copy  mc_w.l(handlers.o)
    0x08002956   0x08002956   0x00000002   Code   RO         3801    i.__scatterload_null  mc_w.l(handlers.o)
    0x08002958   0x08002958   0x0000000e   Code   RO         3802    i.__scatterload_zeroinit  mc_w.l(handlers.o)
    0x08002966   0x08002966   0x00000002   PAD
    0x08002968   0x08002968   0x00000044   Code   RO          271    i.delay_init        delay.o
    0x080029ac   0x080029ac   0x0000004c   Code   RO          272    i.delay_ms          delay.o
    0x080029f8   0x080029f8   0x00000050   Code   RO         3729    i.free              mc_w.l(malloc.o)
    0x08002a48   0x08002a48   0x00000092   Code   RO         3545    i.lost              snake.o
    0x08002ada   0x08002ada   0x00000002   PAD
    0x08002adc   0x08002adc   0x00000118   Code   RO            1    i.main              main.o
    0x08002bf4   0x08002bf4   0x0000006c   Code   RO         3730    i.malloc            mc_w.l(malloc.o)
    0x08002c60   0x08002c60   0x00000016   Code   RO         3438    i.oled_pow          oled.o
    0x08002c76   0x08002c76   0x00000002   PAD
    0x08002c78   0x08002c78   0x000000a0   Code   RO         3344    i.uart_init         uart.o
    0x08002d18   0x08002d18   0x00000b38   Data   RO         3440    .constdata          oled.o
    0x08003850   0x08003850   0x00000018   Data   RO         3610    .constdata          rtc.o
    0x08003868   0x08003868   0x00000020   Data   RO         3798    Region$$Table       anon$$obj.o


    Execution Region ER_RW (Exec base: 0x20000000, Load base: 0x08003888, Size: 0x00000070, Max: 0xffffffff, ABSOLUTE)

    Exec Addr    Load Addr    Size         Type   Attr      Idx    E Section Name        Object

    0x20000000   0x08003888   0x00000001   Data   RW            3    .data               main.o
    0x20000001   0x08003889   0x00000003   PAD
    0x20000004   0x0800388c   0x00000014   Data   RW          241    .data               system_stm32f10x.o
    0x20000018   0x080038a0   0x00000004   Data   RW          274    .data               delay.o
    0x2000001c   0x080038a4   0x00000014   Data   RW         1940    .data               stm32f10x_rcc.o
    0x20000030   0x080038b8   0x00000001   Data   RW         3324    .data               key.o
    0x20000031   0x080038b9   0x00000003   PAD
    0x20000034   0x080038bc   0x0000000a   Data   RW         3346    .data               uart.o
    0x2000003e   0x080038c6   0x00000002   PAD
    0x20000040   0x080038c8   0x0000000e   Data   RW         3387    .data               timer.o
    0x2000004e   0x080038d6   0x00000005   Data   RW         3611    .data               rtc.o
    0x20000053   0x080038db   0x0000000d   Data   RW         3670    .data               page.o
    0x20000060   0x080038e8   0x00000006   Data   RW         3702    .data               remote.o
    0x20000066   0x080038ee   0x00000002   PAD
    0x20000068   0x080038f0   0x00000004   Data   RW         3787    .data               mc_w.l(mvars.o)
    0x2000006c   0x080038f4   0x00000004   Data   RW         3788    .data               mc_w.l(mvars.o)


    Execution Region ER_ZI (Exec base: 0x20000070, Load base: 0x080038f8, Size: 0x00000b18, Max: 0xffffffff, ABSOLUTE)

    Exec Addr    Load Addr    Size         Type   Attr      Idx    E Section Name        Object

    0x20000070        -       0x0000001c   Zero   RW            2    .bss                main.o
    0x2000008c        -       0x000000c8   Zero   RW         3345    .bss                uart.o
    0x20000154        -       0x00000400   Zero   RW         3439    .bss                oled.o
    0x20000554        -       0x0000000c   Zero   RW         3609    .bss                rtc.o
    0x20000560        -       0x00000028   Zero   RW         3701    .bss                remote.o
    0x20000588        -       0x00000200   Zero   RW          337    HEAP                startup_stm32f10x_hd.o
    0x20000788        -       0x00000400   Zero   RW          336    STACK               startup_stm32f10x_hd.o


==============================================================================

Image component sizes


      Code (inc. data)   RO Data    RW Data    ZI Data      Debug   Object Name

       144         22          0          4          0       1148   delay.o
       224         22          0          1          0       1114   key.o
        76          8          0          0          0        479   led.o
       280         30          0          1         28     273631   main.o
       172         22          0          0          0       1985   misc.o
      1934         70       2872          0       1024      10714   oled.o
       646         58          0         13          0       2722   page.o
       484         48          0          6         40       2439   remote.o
       934         50         24          5         12       5984   rtc.o
      1398         22          0          0          0       6490   snake.o
        36          8        304          0       1536        772   startup_stm32f10x_hd.o
       390         10          0          0          0       7229   stm32f10x_adc.o
        72         10          0          0          0       2624   stm32f10x_bkp.o
       416          8          0          0          0       3350   stm32f10x_dma.o
       304          0          0          0          0       3576   stm32f10x_gpio.o
        26          0          0          0          0       3550   stm32f10x_it.o
        12          6          0          0          0        494   stm32f10x_pwr.o
       484         70          0         20          0       8065   stm32f10x_rcc.o
       248         48          0          0          0       4982   stm32f10x_rtc.o
       246         42          0          0          0       3450   stm32f10x_tim.o
       408          6          0          0          0       4902   stm32f10x_usart.o
         0          0          0          0          0         32   sys.o
       328         28          0         20          0       1997   system_stm32f10x.o
       548         54          0         14          0       3268   timer.o
       316         28          0         10        200       3163   uart.o

    ----------------------------------------------------------------------
     10154        670       3232        104       2840     358160   Object Totals
         0          0         32          0          0          0   (incl. Generated)
        28          0          0         10          0          0   (incl. Padding)

    ----------------------------------------------------------------------

      Code (inc. data)   RO Data    RW Data    ZI Data      Debug   Library Member Name

         0          0          0          0          0          0   entry.o
         0          0          0          0          0          0   entry10a.o
         0          0          0          0          0          0   entry11a.o
         8          4          0          0          0          0   entry2.o
         4          0          0          0          0          0   entry5.o
         0          0          0          0          0          0   entry7b.o
         0          0          0          0          0          0   entry8b.o
         8          4          0          0          0          0   entry9a.o
        30          0          0          0          0          0   handlers.o
        36          8          0          0          0         68   init.o
         0          0          0          0          0          0   iusefp.o
        30          0          0          0          0         68   llshl.o
        32          0          0          0          0         68   llushr.o
       188         20          0          0          0        160   malloc.o
         0          0          0          8          0          0   mvars.o
       186          0          0          0          0        176   depilogue.o
        50          0          0          0          0         76   dfixui.o
       228          0          0          0          0         96   dmul.o
        38          0          0          0          0         68   f2d.o
       124          0          0          0          0         88   fdiv.o
       110          0          0          0          0        168   fepilogue.o
        10          0          0          0          0         68   ffltui.o

    ----------------------------------------------------------------------
      1086         36          0          8          0       1104   Library Totals
         4          0          0          0          0          0   (incl. Padding)

    ----------------------------------------------------------------------

      Code (inc. data)   RO Data    RW Data    ZI Data      Debug   Library Name

       336         36          0          8          0        364   mc_w.l
       746          0          0          0          0        740   mf_w.l

    ----------------------------------------------------------------------
      1086         36          0          8          0       1104   Library Totals

    ----------------------------------------------------------------------

==============================================================================


      Code (inc. data)   RO Data    RW Data    ZI Data      Debug   

     11240        706       3232        112       2840     353228   Grand Totals
     11240        706       3232        112       2840     353228   ELF Image Totals
     11240        706       3232        112          0          0   ROM Totals

==============================================================================

    Total RO  Size (Code + RO Data)                14472 (  14.13kB)
    Total RW  Size (RW Data + ZI Data)              2952 (   2.88kB)
    Total ROM Size (Code + RO Data + RW Data)      14584 (  14.24kB)

==============================================================================

